******************************************************************************
                  MSP430 Linker PC v21.6.1                     
******************************************************************************
>> Linked Mon Jul 31 21:58:34 2023

OUTPUT FILE NAME:   <TJ.out>
ENTRY POINT SYMBOL: "_c_int00_noargs"  address: 00004400


MEMORY CONFIGURATION

         name            origin    length      used     unused   attr    fill
----------------------  --------  ---------  --------  --------  ----  --------
  SFR                   00000000   00000010  00000000  00000010  RWIX
  PERIPHERALS_8BIT      00000010   000000f0  00000000  000000f0  RWIX
  PERIPHERALS_16BIT     00000100   00000100  00000000  00000100  RWIX
  INFOD                 00001800   00000080  00000000  00000080  RWIX
  INFOC                 00001880   00000080  00000000  00000080  RWIX
  INFOB                 00001900   00000080  00000000  00000080  RWIX
  INFOA                 00001980   00000080  00000000  00000080  RWIX
  USBRAM                00001c00   00000800  00000000  00000800  RWIX
  RAM                   00002400   00002000  0000026e  00001d92  RWIX
  FLASH                 00004400   0000bb80  00000342  0000b83e  RWIX
  INT00                 0000ff80   00000002  00000000  00000002  RWIX
  INT01                 0000ff82   00000002  00000000  00000002  RWIX
  INT02                 0000ff84   00000002  00000000  00000002  RWIX
  INT03                 0000ff86   00000002  00000000  00000002  RWIX
  INT04                 0000ff88   00000002  00000000  00000002  RWIX
  INT05                 0000ff8a   00000002  00000000  00000002  RWIX
  INT06                 0000ff8c   00000002  00000000  00000002  RWIX
  INT07                 0000ff8e   00000002  00000000  00000002  RWIX
  INT08                 0000ff90   00000002  00000000  00000002  RWIX
  INT09                 0000ff92   00000002  00000000  00000002  RWIX
  INT10                 0000ff94   00000002  00000000  00000002  RWIX
  INT11                 0000ff96   00000002  00000000  00000002  RWIX
  INT12                 0000ff98   00000002  00000000  00000002  RWIX
  INT13                 0000ff9a   00000002  00000000  00000002  RWIX
  INT14                 0000ff9c   00000002  00000000  00000002  RWIX
  INT15                 0000ff9e   00000002  00000000  00000002  RWIX
  INT16                 0000ffa0   00000002  00000000  00000002  RWIX
  INT17                 0000ffa2   00000002  00000000  00000002  RWIX
  INT18                 0000ffa4   00000002  00000000  00000002  RWIX
  INT19                 0000ffa6   00000002  00000000  00000002  RWIX
  INT20                 0000ffa8   00000002  00000000  00000002  RWIX
  INT21                 0000ffaa   00000002  00000000  00000002  RWIX
  INT22                 0000ffac   00000002  00000000  00000002  RWIX
  INT23                 0000ffae   00000002  00000000  00000002  RWIX
  INT24                 0000ffb0   00000002  00000000  00000002  RWIX
  INT25                 0000ffb2   00000002  00000000  00000002  RWIX
  INT26                 0000ffb4   00000002  00000000  00000002  RWIX
  INT27                 0000ffb6   00000002  00000000  00000002  RWIX
  INT28                 0000ffb8   00000002  00000000  00000002  RWIX
  INT29                 0000ffba   00000002  00000000  00000002  RWIX
  INT30                 0000ffbc   00000002  00000000  00000002  RWIX
  INT31                 0000ffbe   00000002  00000000  00000002  RWIX
  INT32                 0000ffc0   00000002  00000000  00000002  RWIX
  INT33                 0000ffc2   00000002  00000000  00000002  RWIX
  INT34                 0000ffc4   00000002  00000000  00000002  RWIX
  INT35                 0000ffc6   00000002  00000000  00000002  RWIX
  INT36                 0000ffc8   00000002  00000000  00000002  RWIX
  INT37                 0000ffca   00000002  00000000  00000002  RWIX
  INT38                 0000ffcc   00000002  00000000  00000002  RWIX
  INT39                 0000ffce   00000002  00000000  00000002  RWIX
  INT40                 0000ffd0   00000002  00000000  00000002  RWIX
  INT41                 0000ffd2   00000002  00000002  00000000  RWIX
  INT42                 0000ffd4   00000002  00000002  00000000  RWIX
  INT43                 0000ffd6   00000002  00000002  00000000  RWIX
  INT44                 0000ffd8   00000002  00000002  00000000  RWIX
  INT45                 0000ffda   00000002  00000002  00000000  RWIX
  INT46                 0000ffdc   00000002  00000002  00000000  RWIX
  INT47                 0000ffde   00000002  00000002  00000000  RWIX
  INT48                 0000ffe0   00000002  00000002  00000000  RWIX
  INT49                 0000ffe2   00000002  00000002  00000000  RWIX
  INT50                 0000ffe4   00000002  00000002  00000000  RWIX
  INT51                 0000ffe6   00000002  00000002  00000000  RWIX
  INT52                 0000ffe8   00000002  00000002  00000000  RWIX
  INT53                 0000ffea   00000002  00000002  00000000  RWIX
  INT54                 0000ffec   00000002  00000002  00000000  RWIX
  INT55                 0000ffee   00000002  00000002  00000000  RWIX
  INT56                 0000fff0   00000002  00000002  00000000  RWIX
  INT57                 0000fff2   00000002  00000002  00000000  RWIX
  INT58                 0000fff4   00000002  00000002  00000000  RWIX
  INT59                 0000fff6   00000002  00000002  00000000  RWIX
  INT60                 0000fff8   00000002  00000002  00000000  RWIX
  INT61                 0000fffa   00000002  00000002  00000000  RWIX
  INT62                 0000fffc   00000002  00000002  00000000  RWIX
  RESET                 0000fffe   00000002  00000002  00000000  RWIX
  FLASH2                00010000   000143f8  00004724  0000fcd4  RWIX


SECTION ALLOCATION MAP

 output                                  attributes/
section   page    origin      length       input sections
--------  ----  ----------  ----------   ----------------
.data      0    00002400    000000fa     UNINITIALIZED
                  00002400    00000032     PM_Control.obj (.data)
                  00002432    00000030     gy86.obj (.data)
                  00002462    0000002a     Light.obj (.data)
                  0000248c    0000001c     PM_Control.obj (.data:DFF)
                  000024a8    0000001c     PM_Control.obj (.data:EFF)
                  000024c4    00000014     encoder.obj (.data)
                  000024d8    0000000e     PM_Control.obj (.data:rule_d)
                  000024e6    0000000c     Back_Wheel.obj (.data)
                  000024f2    00000008     key.obj (.data)

.bss       0    000024fa    000000d4     UNINITIALIZED
                  000024fa    00000038     (.common:MOTOR)
                  00002532    00000020     (.common:LINECTL)
                  00002552    00000020     (.common:Motor_Left)
                  00002572    00000020     (.common:Motor_Right)
                  00002592    0000000e     (.common:LINELIGHT)
                  000025a0    00000004     (.common:accx)
                  000025a4    00000004     (.common:accy)
                  000025a8    00000004     (.common:accz)
                  000025ac    00000004     (.common:gyrox)
                  000025b0    00000004     (.common:gyroy)
                  000025b4    00000004     (.common:gyroz)
                  000025b8    00000004     (.common:light_posi_1)
                  000025bc    00000002     (.common:Data_USCI_A0)
                  000025be    00000002     (.common:SetLeft)
                  000025c0    00000002     (.common:SetRight)
                  000025c2    00000002     (.common:key1_flag)
                  000025c4    00000002     (.common:key1_last_status)
                  000025c6    00000002     (.common:key2_flag)
                  000025c8    00000002     (.common:key2_last_status)
                  000025ca    00000002     (.common:key3_flag)
                  000025cc    00000002     (.common:key4_flag)

.stack     0    00004360    000000a0     UNINITIALIZED
                  00004360    00000004     rts430x_lc_rd_eabi.lib : boot.c.obj (.stack)
                  00004364    0000009c     --HOLE--

.text:_isr 
*          0    00004400    000000bc     
                  00004400    0000001c     rts430x_lc_rd_eabi.lib : boot.c.obj (.text:_isr:_c_int00_noargs)
                  0000441c    0000001a     encoder.obj (.text:_isr:TIMER2_A1_ISR)
                  00004436    00000018     encoder.obj (.text:_isr:TIMER0_A1_ISR)
                  0000444e    00000018     timer.obj (.text:_isr:TIMER0_B0)
                  00004466    00000016     adc.obj (.text:_isr:ADC12_ISR)
                  0000447c    00000014     uart.obj (.text:_isr:USCI_A0_ISR)
                  00004490    0000000e     uart.obj (.text:_isr:USCI_A1_ISR)
                  0000449e    0000000a     timer.obj (.text:_isr:TIMER1_A0)
                  000044a8    00000008     rts430x_lc_rd_eabi.lib : isr_trap.asm.obj (.text:_isr:__TI_ISR_TRAP)
                  000044b0    00000006     timer.obj (.text:_isr:TIMER0_A0)
                  000044b6    00000006     timer.obj (.text:_isr:TIMER2_A0)

.cinit     0    000046be    00000084     
                  000046be    00000061     (.cinit..data.load) [load image, compression = lzss]
                  0000471f    00000001     --HOLE-- [fill = 0]
                  00004720    0000000c     (__TI_handler_table)
                  0000472c    00000006     (.cinit..bss.load) [load image, compression = zero_init]
                  00004732    00000010     (__TI_cinit_table)

.binit     0    00004400    00000000     

.init_array 
*          0    00004400    00000000     UNINITIALIZED

.const     0    000044bc    00000202     
                  000044bc    00000062     PM_Control.obj (.const:$P$T0$3)
                  0000451e    00000058     rts430x_lc_rd_eabi.lib : s_atan.c.obj (.const:aT)
                  00004576    00000040     MSPMATHLIB_CCS_msp430_5xx_6xx_FRxx_large_code_restricted_data.lib : msp430_tables.o (.const:msp430_expHighRes)
                  000045b6    00000040                                                                       : msp430_tables.o (.const:msp430_expLowRes)
                  000045f6    00000028                                                                       : msp430_tables.o (.const:msp430_exp_coeffs)
                  0000461e    00000020     rts430x_lc_rd_eabi.lib : s_atan.c.obj (.const:atanhi)
                  0000463e    00000020                            : s_atan.c.obj (.const:atanlo)
                  0000465e    00000020     MSPMATHLIB_CCS_msp430_5xx_6xx_FRxx_large_code_restricted_data.lib : msp430_tables.o (.const:msp430_expHighExp)
                  0000467e    00000020                                                                       : msp430_tables.o (.const:msp430_expLowExp)
                  0000469e    00000010     PM_Control.obj (.const:$P$T3$6)
                  000046ae    00000008     PM_Control.obj (.const:$P$T1$4)
                  000046b6    00000008     PM_Control.obj (.const:$P$T2$5)

RTC        0    0000ffd2    00000002     
                  0000ffd2    00000002     rts430x_lc_rd_eabi.lib : int41.asm.obj (.int41)

PORT2      0    0000ffd4    00000002     
                  0000ffd4    00000002     rts430x_lc_rd_eabi.lib : int42.asm.obj (.int42)

TIMER2_A1 
*          0    0000ffd6    00000002     
                  0000ffd6    00000002     encoder.obj (.int43)

TIMER2_A0 
*          0    0000ffd8    00000002     
                  0000ffd8    00000002     timer.obj (.int44)

USCI_B1    0    0000ffda    00000002     
                  0000ffda    00000002     rts430x_lc_rd_eabi.lib : int45.asm.obj (.int45)

USCI_A1    0    0000ffdc    00000002     
                  0000ffdc    00000002     uart.obj (.int46)

PORT1      0    0000ffde    00000002     
                  0000ffde    00000002     rts430x_lc_rd_eabi.lib : int47.asm.obj (.int47)

TIMER1_A1 
*          0    0000ffe0    00000002     
                  0000ffe0    00000002     rts430x_lc_rd_eabi.lib : int48.asm.obj (.int48)

TIMER1_A0 
*          0    0000ffe2    00000002     
                  0000ffe2    00000002     timer.obj (.int49)

DMA        0    0000ffe4    00000002     
                  0000ffe4    00000002     rts430x_lc_rd_eabi.lib : int50.asm.obj (.int50)

USB_UBM    0    0000ffe6    00000002     
                  0000ffe6    00000002     rts430x_lc_rd_eabi.lib : int51.asm.obj (.int51)

TIMER0_A1 
*          0    0000ffe8    00000002     
                  0000ffe8    00000002     encoder.obj (.int52)

TIMER0_A0 
*          0    0000ffea    00000002     
                  0000ffea    00000002     timer.obj (.int53)

ADC12      0    0000ffec    00000002     
                  0000ffec    00000002     adc.obj (.int54)

USCI_B0    0    0000ffee    00000002     
                  0000ffee    00000002     rts430x_lc_rd_eabi.lib : int55.asm.obj (.int55)

USCI_A0    0    0000fff0    00000002     
                  0000fff0    00000002     uart.obj (.int56)

WDT        0    0000fff2    00000002     
                  0000fff2    00000002     rts430x_lc_rd_eabi.lib : int57.asm.obj (.int57)

TIMER0_B1 
*          0    0000fff4    00000002     
                  0000fff4    00000002     rts430x_lc_rd_eabi.lib : int58.asm.obj (.int58)

TIMER0_B0 
*          0    0000fff6    00000002     
                  0000fff6    00000002     timer.obj (.int59)

COMP_B     0    0000fff8    00000002     
                  0000fff8    00000002     rts430x_lc_rd_eabi.lib : int60.asm.obj (.int60)

UNMI       0    0000fffa    00000002     
                  0000fffa    00000002     rts430x_lc_rd_eabi.lib : int61.asm.obj (.int61)

SYSNMI     0    0000fffc    00000002     
                  0000fffc    00000002     rts430x_lc_rd_eabi.lib : int62.asm.obj (.int62)

.reset     0    0000fffe    00000002     
                  0000fffe    00000002     rts430x_lc_rd_eabi.lib : boot.c.obj (.reset)

.text      0    00010000    00004724     
                  00010000    00000766     PM_Control.obj (.text:KP_Fuzzy)
                  00010766    0000072a     rts430x_lc_rd_eabi.lib : addd.c.obj (.text:__mspabi_addd)
                  00010e90    000005b8     MSPMATHLIB_CCS_msp430_5xx_6xx_FRxx_large_code_restricted_data.lib : msp430_exp.o (.text:expf)
                  00011448    00000468     rts430x_lc_rd_eabi.lib : frcdivd.c.obj (.text:__TI_frcdivd)
                  000118b0    0000043c                            : s_atan.c.obj (.text:atan)
                  00011cec    000002d6     Light.obj (.text:Light_Error)
                  00011fc2    000002b8     gy86.obj (.text:mpupose)
                  0001227a    00000292     rts430x_lc_rd_eabi.lib : mpyd.c.obj (.text:__mspabi_mpyd)
                  0001250c    0000021c                            : divd.c.obj (.text:__mspabi_divd)
                  00012728    000001d6     Back_Wheel.obj (.text:Motor_R_Control_Change_Integral)
                  000128fe    000001d4     Back_Wheel.obj (.text:Motor_L_Control_Change_Integral)
                  00012ad2    000001b6     PM_Control.obj (.text:Kd_Fuzzy)
                  00012c88    0000019a     pwm.obj (.text:pwm_init)
                  00012e22    00000164     rts430x_lc_rd_eabi.lib : frcmpyd.c.obj (.text:__TI_frcmpyd)
                  00012f86    00000132                            : fs_add.asm.obj (.text)
                  000130b8    000000fc     PM_Control.obj (.text:pid_diff)
                  000131b4    000000e4     Oled.obj (.text:OLED_Init)
                  00013298    000000d8     rts430x_lc_rd_eabi.lib : cmpd.c.obj (.text:__mspabi_cmpd)
                  00013370    000000d4     PM_Control.obj (.text:Speed_Control)
                  00013444    000000c0     all_init.obj (.text:setVCoreUp)
                  00013504    000000b8     rts430x_lc_rd_eabi.lib : fs_mpy.asm.obj (.text)
                  000135bc    000000b2                            : cvtdf.c.obj (.text:__mspabi_cvtdf)
                  0001366e    000000b0     pwm.obj (.text:pwm_duty)
                  0001371e    000000a6     PM_Control.obj (.text:Control_Init)
                  000137c4    00000090     rts430x_lc_rd_eabi.lib : fs_div.asm.obj (.text)
                  00013854    00000080                            : fltuld.c.obj (.text:__mspabi_fltuld)
                  000138d4    0000007a     timer.obj (.text:timer_init)
                  0001394e    00000076     rts430x_lc_rd_eabi.lib : copy_decompress_lzss.c.obj (.text:decompress:lzss:__TI_decompress_lzss)
                  000139c4    00000070     Back_Wheel.obj (.text:run)
                  00013a34    00000068     rts430x_lc_rd_eabi.lib : fixdul.c.obj (.text:__mspabi_fixdul)
                  00013a9c    00000068                            : fs_toi.asm.obj (.text)
                  00013b04    00000064                            : cvtfd.c.obj (.text:__mspabi_cvtfd)
                  00013b68    00000060     Light.obj (.text:light_get)
                  00013bc8    0000005c     rts430x_lc_rd_eabi.lib : mult64_f5hw.asm.obj (.text:__mpyll)
                  00013c24    0000005c     all_init.obj (.text:init)
                  00013c80    00000058     key.obj (.text:key_switch)
                  00013cd8    00000054     rts430x_lc_rd_eabi.lib : autoinit.c.obj (.text:__TI_auto_init_nobinit_nopinit_hold_wdt:__TI_auto_init_nobinit_nopinit_hold_wdt)
                  00013d2c    0000004e     encoder.obj (.text:Get_Speed)
                  00013d7a    0000004e     gy86.obj (.text:I2C_SendByte)
                  00013dc8    0000004c     Oled.obj (.text:Write_IIC_Data)
                  00013e14    0000004c     all_init.obj (.text:initClockTo16MHz)
                  00013e60    0000004a     Oled.obj (.text:Write_IIC_Command)
                  00013eaa    0000004a     rts430x_lc_rd_eabi.lib : fs_cmp.asm.obj (.text)
                  00013ef4    00000048     gy86.obj (.text:MPU_IIC_Read_Byte)
                  00013f3c    00000046     gy86.obj (.text:MPU_IIC_Send_Byte)
                  00013f82    00000046     main.obj (.text:main)
                  00013fc8    00000044     Light.obj (.text:light_init)
                  0001400c    00000042     gy86.obj (.text:MPU_IIC_Wait_Ack)
                  0001404e    00000042     Back_Wheel.obj (.text:motor_init)
                  00014090    00000040     rts430x_lc_rd_eabi.lib : asr64.c.obj (.text:__mspabi_srall)
                  000140d0    0000003e                            : asr32.asm.obj (.text:l_asr_const)
                  0001410e    0000003e                            : lsl32.asm.obj (.text:l_lsl_const)
                  0001414c    0000003e                            : lsr32.asm.obj (.text:l_lsr_const)
                  0001418a    0000003c     Oled.obj (.text:OLED_Clear)
                  000141c6    0000003a     gy86.obj (.text:I2C_RecvACK)
                  00014200    0000003a     rts430x_lc_rd_eabi.lib : lsl64.c.obj (.text:__mspabi_sllll)
                  0001423a    0000003a                            : lsr64.c.obj (.text:__mspabi_srlll)
                  00014274    00000038     gy86.obj (.text:InitMPU6050)
                  000142ac    00000038     gy86.obj (.text:MPU_Read_Byte)
                  000142e4    00000036     gy86.obj (.text:I2C_Stop)
                  0001431a    00000036     rts430x_lc_rd_eabi.lib : fs_itof.asm.obj (.text)
                  00014350    00000034     Oled.obj (.text:Write_IIC_Byte)
                  00014384    00000032     gy86.obj (.text:I2C_Start)
                  000143b6    00000032     rts430x_lc_rd_eabi.lib : subd.c.obj (.text:__mspabi_subd)
                  000143e8    00000030     all_init.obj (.text:increaseVCoreToLevel2)
                  00014418    0000002e     gy86.obj (.text:MPU_IIC_Ack)
                  00014446    0000002e     gy86.obj (.text:MPU_IIC_NAck)
                  00014474    0000002e     gy86.obj (.text:MPU_IIC_Start)
                  000144a2    0000002e     gy86.obj (.text:MPU_IIC_Stop)
                  000144d0    0000002e     rts430x_lc_rd_eabi.lib : negd.c.obj (.text:__mspabi_negd)
                  000144fe    0000002e     encoder.obj (.text:encoder_init)
                  0001452c    0000002c     rts430x_lc_rd_eabi.lib : mult3264_f5hw.asm.obj (.text:__mpyull)
                  00014558    00000026     QMath.obj (.text:Fabs)
                  0001457e    00000026     gy86.obj (.text:Single_WriteI2C)
                  000145a4    00000024     rts430x_lc_rd_eabi.lib : copy_zero_init.c.obj (.text:decompress:ZI:__TI_zero_init_nomemset:__TI_zero_init_nomemset)
                  000145c8    00000024                            : fs_utof.asm.obj (.text)
                  000145ec    00000024                            : mult32_f5hw.asm.obj (.text)
                  00014610    0000001e     Light.obj (.text:light_clear)
                  0001462e    0000001a     button.obj (.text:button_init)
                  00014648    00000018     rts430x_lc_rd_eabi.lib : mult16_f5hw.asm.obj (.text)
                  00014660    00000016                            : memset.c.obj (.text:memset)
                  00014676    00000016                            : div16u.asm.obj (.text)
                  0001468c    00000014                            : memcpy.c.obj (.text:memcpy)
                  000146a0    00000012                            : fixdu.c.obj (.text:__mspabi_fixdu)
                  000146b2    00000012                            : copy_decompress_none.c.obj (.text:decompress:none:__TI_decompress_none)
                  000146c4    00000010     Oled.obj (.text:OLED_WR_Byte)
                  000146d4    00000010     rts430x_lc_rd_eabi.lib : lsr32.asm.obj (.text:l_lsr)
                  000146e4    0000000e     encoder.obj (.text:EncoderCount)
                  000146f2    0000000a     rts430x_lc_rd_eabi.lib : abs.c.obj (.text:abs)
                  000146fc    0000000a                            : fs_neg.asm.obj (.text)
                  00014706    0000000a                            : lsl16.asm.obj (.text)
                  00014710    00000006                            : fltud.c.obj (.text:__mspabi_fltud)
                  00014716    00000006                            : exit.c.obj (.text:abort)
                  0001471c    00000004                            : pre_init.c.obj (.text:_system_pre_init)
                  00014720    00000002                            : startup.c.obj (.text:_system_post_cinit)
                  00014722    00000002     delay.obj (.text:delay)

MODULE SUMMARY

       Module                       code    ro data   rw data
       ------                       ----    -------   -------
    .\CODE\
       PM_Control.obj               2962    130       124    
       gy86.obj                     1478    0         72     
       Back_Wheel.obj               1116    0         132    
       Light.obj                    920     0         92     
       pwm.obj                      586     0         0      
       Oled.obj                     506     0         0      
       all_init.obj                 408     0         0      
       encoder.obj                  188     4         20     
       timer.obj                    168     8         0      
       key.obj                      88      0         20     
       main.obj                     70      0         0      
       uart.obj                     34      4         2      
       QMath.obj                    38      0         0      
       button.obj                   26      0         0      
       adc.obj                      22      2         0      
       delay.obj                    2       0         0      
    +--+----------------------------+-------+---------+---------+
       Total:                       8612    148       462    
                                                             
    E:\Ti\ccs\ccs_base\msp430\lib\5xx_6xx_FRxx\MSPMATHLIB_CCS_msp430_5xx_6xx_FRxx_large_code_restricted_data.lib
       msp430_exp.o                 1464    0         0      
       msp430_tables.o              0       232       0      
    +--+----------------------------+-------+---------+---------+
       Total:                       1464    232       0      
                                                             
    E:\Ti\ccs\tools\compiler\ti-cgt-msp430_21.6.1.LTS\lib\rts430x_lc_rd_eabi.lib
       addd.c.obj                   1834    0         0      
       s_atan.c.obj                 1084    152       0      
       frcdivd.c.obj                1128    0         0      
       mpyd.c.obj                   658     0         0      
       divd.c.obj                   540     0         0      
       frcmpyd.c.obj                356     0         0      
       fs_add.asm.obj               306     0         0      
       cmpd.c.obj                   216     0         0      
       fs_mpy.asm.obj               184     0         0      
       cvtdf.c.obj                  178     0         0      
       fs_div.asm.obj               144     0         0      
       fltuld.c.obj                 128     0         0      
       copy_decompress_lzss.c.obj   118     0         0      
       fixdul.c.obj                 104     0         0      
       fs_toi.asm.obj               104     0         0      
       cvtfd.c.obj                  100     0         0      
       mult64_f5hw.asm.obj          92      0         0      
       autoinit.c.obj               84      0         0      
       lsr32.asm.obj                78      0         0      
       fs_cmp.asm.obj               74      0         0      
       asr64.c.obj                  64      0         0      
       asr32.asm.obj                62      0         0      
       lsl32.asm.obj                62      0         0      
       lsl64.c.obj                  58      0         0      
       lsr64.c.obj                  58      0         0      
       fs_itof.asm.obj              54      0         0      
       subd.c.obj                   50      0         0      
       negd.c.obj                   46      0         0      
       mult3264_f5hw.asm.obj        44      0         0      
       copy_zero_init.c.obj         36      0         0      
       fs_utof.asm.obj              36      0         0      
       mult32_f5hw.asm.obj          36      0         0      
       boot.c.obj                   28      2         0      
       mult16_f5hw.asm.obj          24      0         0      
       div16u.asm.obj               22      0         0      
       memset.c.obj                 22      0         0      
       memcpy.c.obj                 20      0         0      
       copy_decompress_none.c.obj   18      0         0      
       fixdu.c.obj                  18      0         0      
       abs.c.obj                    10      0         0      
       fs_neg.asm.obj               10      0         0      
       lsl16.asm.obj                10      0         0      
       isr_trap.asm.obj             8       0         0      
       exit.c.obj                   6       0         0      
       fltud.c.obj                  6       0         0      
       pre_init.c.obj               4       0         0      
       int41.asm.obj                0       2         0      
       int42.asm.obj                0       2         0      
       int45.asm.obj                0       2         0      
       int47.asm.obj                0       2         0      
       int48.asm.obj                0       2         0      
       int50.asm.obj                0       2         0      
       int51.asm.obj                0       2         0      
       int55.asm.obj                0       2         0      
       int57.asm.obj                0       2         0      
       int58.asm.obj                0       2         0      
       int60.asm.obj                0       2         0      
       int61.asm.obj                0       2         0      
       int62.asm.obj                0       2         0      
       startup.c.obj                2       0         0      
    +--+----------------------------+-------+---------+---------+
       Total:                       8324    180       0      
                                                             
       Stack:                       0       0         160    
       Linker Generated:            0       131       0      
    +--+----------------------------+-------+---------+---------+
       Grand Total:                 18400   691       622    


LINKER GENERATED COPY TABLES

__TI_cinit_table @ 00004732 records: 2, size/record: 8, table size: 16
	.data: load addr=000046be, load size=00000061 bytes, run addr=00002400, run size=000000fa bytes, compression=lzss
	.bss: load addr=0000472c, load size=00000006 bytes, run addr=000024fa, run size=000000d4 bytes, compression=zero_init


LINKER GENERATED HANDLER TABLE

__TI_handler_table @ 00004720 records: 3, size/record: 4, table size: 12
	index: 0, handler: __TI_zero_init
	index: 1, handler: __TI_decompress_lzss
	index: 2, handler: __TI_decompress_none


GLOBAL SYMBOLS: SORTED ALPHABETICALLY BY Name 

address   name                                   
-------   ----                                   
00000700  ADC12CTL0                              
00000701  ADC12CTL0_H                            
00000700  ADC12CTL0_L                            
00000702  ADC12CTL1                              
00000703  ADC12CTL1_H                            
00000702  ADC12CTL1_L                            
00000704  ADC12CTL2                              
00000705  ADC12CTL2_H                            
00000704  ADC12CTL2_L                            
0000070c  ADC12IE                                
0000070d  ADC12IE_H                              
0000070c  ADC12IE_L                              
0000070a  ADC12IFG                               
0000070b  ADC12IFG_H                             
0000070a  ADC12IFG_L                             
0000070e  ADC12IV                                
0000070f  ADC12IV_H                              
0000070e  ADC12IV_L                              
00000710  ADC12MCTL0                             
00000711  ADC12MCTL1                             
0000071a  ADC12MCTL10                            
0000071b  ADC12MCTL11                            
0000071c  ADC12MCTL12                            
0000071d  ADC12MCTL13                            
0000071e  ADC12MCTL14                            
0000071f  ADC12MCTL15                            
00000712  ADC12MCTL2                             
00000713  ADC12MCTL3                             
00000714  ADC12MCTL4                             
00000715  ADC12MCTL5                             
00000716  ADC12MCTL6                             
00000717  ADC12MCTL7                             
00000718  ADC12MCTL8                             
00000719  ADC12MCTL9                             
00000720  ADC12MEM0                              
00000721  ADC12MEM0_H                            
00000720  ADC12MEM0_L                            
00000722  ADC12MEM1                              
00000734  ADC12MEM10                             
00000735  ADC12MEM10_H                           
00000734  ADC12MEM10_L                           
00000736  ADC12MEM11                             
00000737  ADC12MEM11_H                           
00000736  ADC12MEM11_L                           
00000738  ADC12MEM12                             
00000739  ADC12MEM12_H                           
00000738  ADC12MEM12_L                           
0000073a  ADC12MEM13                             
0000073b  ADC12MEM13_H                           
0000073a  ADC12MEM13_L                           
0000073c  ADC12MEM14                             
0000073d  ADC12MEM14_H                           
0000073c  ADC12MEM14_L                           
0000073e  ADC12MEM15                             
0000073f  ADC12MEM15_H                           
0000073e  ADC12MEM15_L                           
00000723  ADC12MEM1_H                            
00000722  ADC12MEM1_L                            
00000724  ADC12MEM2                              
00000725  ADC12MEM2_H                            
00000724  ADC12MEM2_L                            
00000726  ADC12MEM3                              
00000727  ADC12MEM3_H                            
00000726  ADC12MEM3_L                            
00000728  ADC12MEM4                              
00000729  ADC12MEM4_H                            
00000728  ADC12MEM4_L                            
0000072a  ADC12MEM5                              
0000072b  ADC12MEM5_H                            
0000072a  ADC12MEM5_L                            
0000072c  ADC12MEM6                              
0000072d  ADC12MEM6_H                            
0000072c  ADC12MEM6_L                            
0000072e  ADC12MEM7                              
0000072f  ADC12MEM7_H                            
0000072e  ADC12MEM7_L                            
00000730  ADC12MEM8                              
00000731  ADC12MEM8_H                            
00000730  ADC12MEM8_L                            
00000732  ADC12MEM9                              
00000733  ADC12MEM9_H                            
00000732  ADC12MEM9_L                            
00004466  ADC12_ISR                              
000024d4  Avg_speed                              
00014716  C$$EXIT                                
000008c0  CBCTL0                                 
000008c1  CBCTL0_H                               
000008c0  CBCTL0_L                               
000008c2  CBCTL1                                 
000008c3  CBCTL1_H                               
000008c2  CBCTL1_L                               
000008c4  CBCTL2                                 
000008c5  CBCTL2_H                               
000008c4  CBCTL2_L                               
000008c6  CBCTL3                                 
000008c7  CBCTL3_H                               
000008c6  CBCTL3_L                               
000008cc  CBINT                                  
000008cd  CBINT_H                                
000008cc  CBINT_L                                
000008ce  CBIV                                   
00000150  CRCDI                                  
00000152  CRCDIRB                                
00000153  CRCDIRB_H                              
00000152  CRCDIRB_L                              
00000151  CRCDI_H                                
00000150  CRCDI_L                                
00000154  CRCINIRES                              
00000155  CRCINIRES_H                            
00000154  CRCINIRES_L                            
00000156  CRCRESR                                
00000157  CRCRESR_H                              
00000156  CRCRESR_L                              
0001371e  Control_Init                           
0000248c  DFF                                    
00000510  DMA0CTL                                
00000516  DMA0DA                                 
00000518  DMA0DAH                                
00000516  DMA0DAL                                
00000512  DMA0SA                                 
00000514  DMA0SAH                                
00000512  DMA0SAL                                
0000051a  DMA0SZ                                 
00000520  DMA1CTL                                
00000526  DMA1DA                                 
00000528  DMA1DAH                                
00000526  DMA1DAL                                
00000522  DMA1SA                                 
00000524  DMA1SAH                                
00000522  DMA1SAL                                
0000052a  DMA1SZ                                 
00000530  DMA2CTL                                
00000536  DMA2DA                                 
00000538  DMA2DAH                                
00000536  DMA2DAL                                
00000532  DMA2SA                                 
00000534  DMA2SAH                                
00000532  DMA2SAL                                
0000053a  DMA2SZ                                 
00000500  DMACTL0                                
00000502  DMACTL1                                
00000504  DMACTL2                                
00000506  DMACTL3                                
00000508  DMACTL4                                
0000050e  DMAIV                                  
000025bc  Data_USCI_A0                           
000024a8  EFF                                    
000146e4  EncoderCount                           
00000140  FCTL1                                  
00000141  FCTL1_H                                
00000140  FCTL1_L                                
00000144  FCTL3                                  
00000145  FCTL3_H                                
00000144  FCTL3_L                                
00000146  FCTL4                                  
00000147  FCTL4_H                                
00000146  FCTL4_L                                
00014558  Fabs                                   
00013d2c  Get_Speed                              
000141c6  I2C_RecvACK                            
00013d7a  I2C_SendByte                           
00014384  I2C_Start                              
000142e4  I2C_Stop                               
00014274  InitMPU6050                            
00010000  KP_Fuzzy                               
00012ad2  Kd_Fuzzy                               
00002532  LINECTL                                
00002592  LINELIGHT                              
000024d0  LeftMotor_TotalEncoder                 
00011cec  Light_Error                            
000004c4  MAC                                    
000004da  MAC32H                                 
000004db  MAC32H_H                               
000004da  MAC32H_L                               
000004d8  MAC32L                                 
000004d9  MAC32L_H                               
000004d8  MAC32L_L                               
000004c6  MACS                                   
000004de  MACS32H                                
000004df  MACS32H_H                              
000004de  MACS32H_L                              
000004dc  MACS32L                                
000004dd  MACS32L_H                              
000004dc  MACS32L_L                              
000004c7  MACS_H                                 
000004c6  MACS_L                                 
000004c5  MAC_H                                  
000004c4  MAC_L                                  
000024fa  MOTOR                                  
00014418  MPU_IIC_Ack                            
00014446  MPU_IIC_NAck                           
00013ef4  MPU_IIC_Read_Byte                      
00013f3c  MPU_IIC_Send_Byte                      
00014474  MPU_IIC_Start                          
000144a2  MPU_IIC_Stop                           
0001400c  MPU_IIC_Wait_Ack                       
000142ac  MPU_Read_Byte                          
000004c0  MPY                                    
000004ec  MPY32CTL0                              
000004ed  MPY32CTL0_H                            
000004ec  MPY32CTL0_L                            
000004d2  MPY32H                                 
000004d3  MPY32H_H                               
000004d2  MPY32H_L                               
000004d0  MPY32L                                 
000004d1  MPY32L_H                               
000004d0  MPY32L_L                               
000004c2  MPYS                                   
000004d6  MPYS32H                                
000004d7  MPYS32H_H                              
000004d6  MPYS32H_L                              
000004d4  MPYS32L                                
000004d5  MPYS32L_H                              
000004d4  MPYS32L_L                              
000004c3  MPYS_H                                 
000004c2  MPYS_L                                 
000004c1  MPY_H                                  
000004c0  MPY_L                                  
00002452  Merge_Pitch                            
00002456  Merge_Yaw                              
000128fe  Motor_L_Control_Change_Integral        
00002552  Motor_Left                             
00012728  Motor_R_Control_Change_Integral        
00002572  Motor_Right                            
0001418a  OLED_Clear                             
000131b4  OLED_Init                              
000146c4  OLED_WR_Byte                           
000004c8  OP2                                    
000004e2  OP2H                                   
000004e3  OP2H_H                                 
000004e2  OP2H_L                                 
000004e0  OP2L                                   
000004e1  OP2L_H                                 
000004e0  OP2L_L                                 
000004c9  OP2_H                                  
000004c8  OP2_L                                  
0000020e  P1IV                                   
0000021e  P2IV                                   
000001e0  P4MAP01                                
000001e1  P4MAP01_H                              
000001e0  P4MAP01_L                              
000001e2  P4MAP23                                
000001e3  P4MAP23_H                              
000001e2  P4MAP23_L                              
000001e4  P4MAP45                                
000001e5  P4MAP45_H                              
000001e4  P4MAP45_L                              
000001e6  P4MAP67                                
000001e7  P4MAP67_H                              
000001e6  P4MAP67_L                              
00000204  PADIR                                  
00000205  PADIR_H                                
00000204  PADIR_L                                
00000208  PADS                                   
00000209  PADS_H                                 
00000208  PADS_L                                 
0000021a  PAIE                                   
00000218  PAIES                                  
00000219  PAIES_H                                
00000218  PAIES_L                                
0000021b  PAIE_H                                 
0000021a  PAIE_L                                 
0000021c  PAIFG                                  
0000021d  PAIFG_H                                
0000021c  PAIFG_L                                
00000200  PAIN                                   
00000201  PAIN_H                                 
00000200  PAIN_L                                 
00000202  PAOUT                                  
00000203  PAOUT_H                                
00000202  PAOUT_L                                
00000206  PAREN                                  
00000207  PAREN_H                                
00000206  PAREN_L                                
0000020a  PASEL                                  
0000020b  PASEL_H                                
0000020a  PASEL_L                                
00000224  PBDIR                                  
00000225  PBDIR_H                                
00000224  PBDIR_L                                
00000228  PBDS                                   
00000229  PBDS_H                                 
00000228  PBDS_L                                 
00000220  PBIN                                   
00000221  PBIN_H                                 
00000220  PBIN_L                                 
00000222  PBOUT                                  
00000223  PBOUT_H                                
00000222  PBOUT_L                                
00000226  PBREN                                  
00000227  PBREN_H                                
00000226  PBREN_L                                
0000022a  PBSEL                                  
0000022b  PBSEL_H                                
0000022a  PBSEL_L                                
00000244  PCDIR                                  
00000245  PCDIR_H                                
00000244  PCDIR_L                                
00000248  PCDS                                   
00000249  PCDS_H                                 
00000248  PCDS_L                                 
00000240  PCIN                                   
00000241  PCIN_H                                 
00000240  PCIN_L                                 
00000242  PCOUT                                  
00000243  PCOUT_H                                
00000242  PCOUT_L                                
00000246  PCREN                                  
00000247  PCREN_H                                
00000246  PCREN_L                                
0000024a  PCSEL                                  
0000024b  PCSEL_H                                
0000024a  PCSEL_L                                
00000264  PDDIR                                  
00000265  PDDIR_H                                
00000264  PDDIR_L                                
00000268  PDDS                                   
00000269  PDDS_H                                 
00000268  PDDS_L                                 
00000260  PDIN                                   
00000261  PDIN_H                                 
00000260  PDIN_L                                 
00000262  PDOUT                                  
00000263  PDOUT_H                                
00000262  PDOUT_L                                
00000266  PDREN                                  
00000267  PDREN_H                                
00000266  PDREN_L                                
0000026a  PDSEL                                  
0000026b  PDSEL_H                                
0000026a  PDSEL_L                                
00000324  PJDIR                                  
00000325  PJDIR_H                                
00000324  PJDIR_L                                
00000328  PJDS                                   
00000329  PJDS_H                                 
00000328  PJDS_L                                 
00000320  PJIN                                   
00000321  PJIN_H                                 
00000320  PJIN_L                                 
00000322  PJOUT                                  
00000323  PJOUT_H                                
00000322  PJOUT_L                                
00000326  PJREN                                  
00000327  PJREN_H                                
00000326  PJREN_L                                
00000130  PM5CTL0                                
00000131  PM5CTL0_H                              
00000130  PM5CTL0_L                              
000001c2  PMAPCTL                                
000001c3  PMAPCTL_H                              
000001c2  PMAPCTL_L                              
000001c0  PMAPKEYID                              
000001c1  PMAPKEYID_H                            
000001c0  PMAPKEYID_L                            
00000120  PMMCTL0                                
00000121  PMMCTL0_H                              
00000120  PMMCTL0_L                              
00000122  PMMCTL1                                
00000123  PMMCTL1_H                              
00000122  PMMCTL1_L                              
0000012c  PMMIFG                                 
0000012d  PMMIFG_H                               
0000012c  PMMIFG_L                               
0000012e  PMMRIE                                 
0000012f  PMMRIE_H                               
0000012e  PMMRIE_L                               
0000243a  Pitch_IIC                              
00000158  RCCTL0                                 
00000159  RCCTL0_H                               
00000158  RCCTL0_L                               
000001b0  REFCTL0                                
000001b1  REFCTL0_H                              
000001b0  REFCTL0_L                              
000004e4  RES0                                   
000004e5  RES0_H                                 
000004e4  RES0_L                                 
000004e6  RES1                                   
000004e7  RES1_H                                 
000004e6  RES1_L                                 
000004e8  RES2                                   
000004e9  RES2_H                                 
000004e8  RES2_L                                 
000004ea  RES3                                   
000004eb  RES3_H                                 
000004ea  RES3_L                                 
000004cc  RESHI                                  
000004cd  RESHI_H                                
000004cc  RESHI_L                                
000004ca  RESLO                                  
000004cb  RESLO_H                                
000004ca  RESLO_L                                
000004ba  RTCADOWDAY                             
000004bb  RTCADOWDAY_H                           
000004ba  RTCADOWDAY_L                           
000004b8  RTCAMINHR                              
000004b9  RTCAMINHR_H                            
000004b8  RTCAMINHR_L                            
000004a0  RTCCTL01                               
000004a1  RTCCTL01_H                             
000004a0  RTCCTL01_L                             
000004a2  RTCCTL23                               
000004a3  RTCCTL23_H                             
000004a2  RTCCTL23_L                             
000004b4  RTCDATE                                
000004b5  RTCDATE_H                              
000004b4  RTCDATE_L                              
000004ae  RTCIV                                  
000004ac  RTCPS                                  
000004a8  RTCPS0CTL                              
000004a9  RTCPS0CTL_H                            
000004a8  RTCPS0CTL_L                            
000004aa  RTCPS1CTL                              
000004ab  RTCPS1CTL_H                            
000004aa  RTCPS1CTL_L                            
000004ad  RTCPS_H                                
000004ac  RTCPS_L                                
000004b0  RTCTIM0                                
000004b1  RTCTIM0_H                              
000004b0  RTCTIM0_L                              
000004b2  RTCTIM1                                
000004b3  RTCTIM1_H                              
000004b2  RTCTIM1_L                              
000004b6  RTCYEAR                                
000004b7  RTCYEAR_H                              
000004b6  RTCYEAR_L                              
000024d2  RightMotor_TotalEncoder                
00002436  Roll_IIC                               
00000100  SFRIE1                                 
00000101  SFRIE1_H                               
00000100  SFRIE1_L                               
00000102  SFRIFG1                                
00000103  SFRIFG1_H                              
00000102  SFRIFG1_L                              
00000104  SFRRPCR                                
00000105  SFRRPCR_H                              
00000104  SFRRPCR_L                              
000004ce  SUMEXT                                 
000004cf  SUMEXT_H                               
000004ce  SUMEXT_L                               
00000124  SVSMHCTL                               
00000125  SVSMHCTL_H                             
00000124  SVSMHCTL_L                             
00000128  SVSMIO                                 
00000129  SVSMIO_H                               
00000128  SVSMIO_L                               
00000126  SVSMLCTL                               
00000127  SVSMLCTL_H                             
00000126  SVSMLCTL_L                             
00000198  SYSBERRIV                              
00000199  SYSBERRIV_H                            
00000198  SYSBERRIV_L                            
00000182  SYSBSLC                                
00000183  SYSBSLC_H                              
00000182  SYSBSLC_L                              
00000180  SYSCTL                                 
00000181  SYSCTL_H                               
00000180  SYSCTL_L                               
00000186  SYSJMBC                                
00000187  SYSJMBC_H                              
00000186  SYSJMBC_L                              
00000188  SYSJMBI0                               
00000189  SYSJMBI0_H                             
00000188  SYSJMBI0_L                             
0000018a  SYSJMBI1                               
0000018b  SYSJMBI1_H                             
0000018a  SYSJMBI1_L                             
0000018c  SYSJMBO0                               
0000018d  SYSJMBO0_H                             
0000018c  SYSJMBO0_L                             
0000018e  SYSJMBO1                               
0000018f  SYSJMBO1_H                             
0000018e  SYSJMBO1_L                             
0000019e  SYSRSTIV                               
0000019f  SYSRSTIV_H                             
0000019e  SYSRSTIV_L                             
0000019c  SYSSNIV                                
0000019d  SYSSNIV_H                              
0000019c  SYSSNIV_L                              
0000019a  SYSUNIV                                
0000019b  SYSUNIV_H                              
0000019a  SYSUNIV_L                              
000025be  SetLeft                                
000025c0  SetRight                               
0001457e  Single_WriteI2C                        
00013370  Speed_Control                          
00000352  TA0CCR0                                
00000354  TA0CCR1                                
00000356  TA0CCR2                                
00000358  TA0CCR3                                
0000035a  TA0CCR4                                
00000342  TA0CCTL0                               
00000344  TA0CCTL1                               
00000346  TA0CCTL2                               
00000348  TA0CCTL3                               
0000034a  TA0CCTL4                               
00000340  TA0CTL                                 
00000360  TA0EX0                                 
0000036e  TA0IV                                  
00000350  TA0R                                   
00000392  TA1CCR0                                
00000394  TA1CCR1                                
00000396  TA1CCR2                                
00000382  TA1CCTL0                               
00000384  TA1CCTL1                               
00000386  TA1CCTL2                               
00000380  TA1CTL                                 
000003a0  TA1EX0                                 
000003ae  TA1IV                                  
00000390  TA1R                                   
00000412  TA2CCR0                                
00000414  TA2CCR1                                
00000416  TA2CCR2                                
00000402  TA2CCTL0                               
00000404  TA2CCTL1                               
00000406  TA2CCTL2                               
00000400  TA2CTL                                 
00000420  TA2EX0                                 
0000042e  TA2IV                                  
00000410  TA2R                                   
000003d2  TB0CCR0                                
000003d4  TB0CCR1                                
000003d6  TB0CCR2                                
000003d8  TB0CCR3                                
000003da  TB0CCR4                                
000003dc  TB0CCR5                                
000003de  TB0CCR6                                
000003c2  TB0CCTL0                               
000003c4  TB0CCTL1                               
000003c6  TB0CCTL2                               
000003c8  TB0CCTL3                               
000003ca  TB0CCTL4                               
000003cc  TB0CCTL5                               
000003ce  TB0CCTL6                               
000003c0  TB0CTL                                 
000003e0  TB0EX0                                 
000003ee  TB0IV                                  
000003d0  TB0R                                   
000044b0  TIMER0_A0                              
00004436  TIMER0_A1_ISR                          
0000444e  TIMER0_B0                              
0000449e  TIMER1_A0                              
000044b6  TIMER2_A0                              
0000441c  TIMER2_A1_ISR                          
000005d0  UCA0ABCTL                              
000005c6  UCA0BRW                                
000005c7  UCA0BRW_H                              
000005c6  UCA0BRW_L                              
000005c0  UCA0CTLW0                              
000005c1  UCA0CTLW0_H                            
000005c0  UCA0CTLW0_L                            
000005dc  UCA0ICTL                               
000005dd  UCA0ICTL_H                             
000005dc  UCA0ICTL_L                             
000005d2  UCA0IRCTL                              
000005d3  UCA0IRCTL_H                            
000005d2  UCA0IRCTL_L                            
000005de  UCA0IV                                 
000005c8  UCA0MCTL                               
000005cc  UCA0RXBUF                              
000005ca  UCA0STAT                               
000005ce  UCA0TXBUF                              
00000610  UCA1ABCTL                              
00000606  UCA1BRW                                
00000607  UCA1BRW_H                              
00000606  UCA1BRW_L                              
00000600  UCA1CTLW0                              
00000601  UCA1CTLW0_H                            
00000600  UCA1CTLW0_L                            
0000061c  UCA1ICTL                               
0000061d  UCA1ICTL_H                             
0000061c  UCA1ICTL_L                             
00000612  UCA1IRCTL                              
00000613  UCA1IRCTL_H                            
00000612  UCA1IRCTL_L                            
0000061e  UCA1IV                                 
00000608  UCA1MCTL                               
0000060c  UCA1RXBUF                              
0000060a  UCA1STAT                               
0000060e  UCA1TXBUF                              
000005e6  UCB0BRW                                
000005e7  UCB0BRW_H                              
000005e6  UCB0BRW_L                              
000005e0  UCB0CTLW0                              
000005e1  UCB0CTLW0_H                            
000005e0  UCB0CTLW0_L                            
000005f0  UCB0I2COA                              
000005f1  UCB0I2COA_H                            
000005f0  UCB0I2COA_L                            
000005f2  UCB0I2CSA                              
000005f3  UCB0I2CSA_H                            
000005f2  UCB0I2CSA_L                            
000005fc  UCB0ICTL                               
000005fd  UCB0ICTL_H                             
000005fc  UCB0ICTL_L                             
000005fe  UCB0IV                                 
000005ec  UCB0RXBUF                              
000005ea  UCB0STAT                               
000005ee  UCB0TXBUF                              
00000626  UCB1BRW                                
00000627  UCB1BRW_H                              
00000626  UCB1BRW_L                              
00000620  UCB1CTLW0                              
00000621  UCB1CTLW0_H                            
00000620  UCB1CTLW0_L                            
00000630  UCB1I2COA                              
00000631  UCB1I2COA_H                            
00000630  UCB1I2COA_L                            
00000632  UCB1I2CSA                              
00000633  UCB1I2CSA_H                            
00000632  UCB1I2CSA_L                            
0000063c  UCB1ICTL                               
0000063d  UCB1ICTL_H                             
0000063c  UCB1ICTL_L                             
0000063e  UCB1IV                                 
0000062c  UCB1RXBUF                              
0000062a  UCB1STAT                               
0000062e  UCB1TXBUF                              
00000160  UCSCTL0                                
00000161  UCSCTL0_H                              
00000160  UCSCTL0_L                              
00000162  UCSCTL1                                
00000163  UCSCTL1_H                              
00000162  UCSCTL1_L                              
00000164  UCSCTL2                                
00000165  UCSCTL2_H                              
00000164  UCSCTL2_L                              
00000166  UCSCTL3                                
00000167  UCSCTL3_H                              
00000166  UCSCTL3_L                              
00000168  UCSCTL4                                
00000169  UCSCTL4_H                              
00000168  UCSCTL4_L                              
0000016a  UCSCTL5                                
0000016b  UCSCTL5_H                              
0000016a  UCSCTL5_L                              
0000016c  UCSCTL6                                
0000016d  UCSCTL6_H                              
0000016c  UCSCTL6_L                              
0000016e  UCSCTL7                                
0000016f  UCSCTL7_H                              
0000016e  UCSCTL7_L                              
00000170  UCSCTL8                                
00000171  UCSCTL8_H                              
00000170  UCSCTL8_L                              
00000902  USBCNF                                 
00000903  USBCNF_H                               
00000902  USBCNF_L                               
0000093c  USBCTL                                 
0000093a  USBFN                                  
0000093b  USBFN_H                                
0000093a  USBFN_L                                
0000093f  USBFUNADR                              
0000093d  USBIE                                  
00002378  USBIEP0BUF                             
000023c9  USBIEPBBAX_1                           
000023d1  USBIEPBBAX_2                           
000023d9  USBIEPBBAX_3                           
000023e1  USBIEPBBAX_4                           
000023e9  USBIEPBBAX_5                           
000023f1  USBIEPBBAX_6                           
000023f9  USBIEPBBAX_7                           
000023cd  USBIEPBBAY_1                           
000023d5  USBIEPBBAY_2                           
000023dd  USBIEPBBAY_3                           
000023e5  USBIEPBBAY_4                           
000023ed  USBIEPBBAY_5                           
000023f5  USBIEPBBAY_6                           
000023fd  USBIEPBBAY_7                           
000023ca  USBIEPBCTX_1                           
000023d2  USBIEPBCTX_2                           
000023da  USBIEPBCTX_3                           
000023e2  USBIEPBCTX_4                           
000023ea  USBIEPBCTX_5                           
000023f2  USBIEPBCTX_6                           
000023fa  USBIEPBCTX_7                           
000023ce  USBIEPBCTY_1                           
000023d6  USBIEPBCTY_2                           
000023de  USBIEPBCTY_3                           
000023e6  USBIEPBCTY_4                           
000023ee  USBIEPBCTY_5                           
000023f6  USBIEPBCTY_6                           
000023fe  USBIEPBCTY_7                           
00000920  USBIEPCNF_0                            
000023c8  USBIEPCNF_1                            
000023d0  USBIEPCNF_2                            
000023d8  USBIEPCNF_3                            
000023e0  USBIEPCNF_4                            
000023e8  USBIEPCNF_5                            
000023f0  USBIEPCNF_6                            
000023f8  USBIEPCNF_7                            
00000921  USBIEPCNT_0                            
0000092e  USBIEPIE                               
00000930  USBIEPIFG                              
000023cf  USBIEPSIZXY_1                          
000023d7  USBIEPSIZXY_2                          
000023df  USBIEPSIZXY_3                          
000023e7  USBIEPSIZXY_4                          
000023ef  USBIEPSIZXY_5                          
000023f7  USBIEPSIZXY_6                          
000023ff  USBIEPSIZXY_7                          
0000093e  USBIFG                                 
00000900  USBKEYID                               
00000901  USBKEYID_H                             
00000900  USBKEYID_L                             
00000936  USBMAINT                               
00000937  USBMAINT_H                             
00000936  USBMAINT_L                             
00002370  USBOEP0BUF                             
00002389  USBOEPBBAX_1                           
00002391  USBOEPBBAX_2                           
00002399  USBOEPBBAX_3                           
000023a1  USBOEPBBAX_4                           
000023a9  USBOEPBBAX_5                           
000023b1  USBOEPBBAX_6                           
000023b9  USBOEPBBAX_7                           
0000238d  USBOEPBBAY_1                           
00002395  USBOEPBBAY_2                           
0000239d  USBOEPBBAY_3                           
000023a5  USBOEPBBAY_4                           
000023ad  USBOEPBBAY_5                           
000023b5  USBOEPBBAY_6                           
000023bd  USBOEPBBAY_7                           
0000238a  USBOEPBCTX_1                           
00002392  USBOEPBCTX_2                           
0000239a  USBOEPBCTX_3                           
000023a2  USBOEPBCTX_4                           
000023aa  USBOEPBCTX_5                           
000023b2  USBOEPBCTX_6                           
000023ba  USBOEPBCTX_7                           
0000238e  USBOEPBCTY_1                           
00002396  USBOEPBCTY_2                           
0000239e  USBOEPBCTY_3                           
000023a6  USBOEPBCTY_4                           
000023ae  USBOEPBCTY_5                           
000023b6  USBOEPBCTY_6                           
000023be  USBOEPBCTY_7                           
00000922  USBOEPCNF_0                            
00002388  USBOEPCNF_1                            
00002390  USBOEPCNF_2                            
00002398  USBOEPCNF_3                            
000023a0  USBOEPCNF_4                            
000023a8  USBOEPCNF_5                            
000023b0  USBOEPCNF_6                            
000023b8  USBOEPCNF_7                            
00000923  USBOEPCNT_0                            
0000092f  USBOEPIE                               
00000931  USBOEPIFG                              
0000238f  USBOEPSIZXY_1                          
00002397  USBOEPSIZXY_2                          
0000239f  USBOEPSIZXY_3                          
000023a7  USBOEPSIZXY_4                          
000023af  USBOEPSIZXY_5                          
000023b7  USBOEPSIZXY_6                          
000023bf  USBOEPSIZXY_7                          
00000904  USBPHYCTL                              
00000905  USBPHYCTL_H                            
00000904  USBPHYCTL_L                            
00000910  USBPLLCTL                              
00000911  USBPLLCTL_H                            
00000910  USBPLLCTL_L                            
00000912  USBPLLDIVB                             
00000913  USBPLLDIVB_H                           
00000912  USBPLLDIVB_L                           
00000914  USBPLLIR                               
00000915  USBPLLIR_H                             
00000914  USBPLLIR_L                             
00000908  USBPWRCTL                              
00000909  USBPWRCTL_H                            
00000908  USBPWRCTL_L                            
00001c00  USBSTABUFF                             
00002380  USBSUBLK                               
0000236f  USBTOPBUFF                             
00000938  USBTSREG                               
00000939  USBTSREG_H                             
00000938  USBTSREG_L                             
00000932  USBVECINT                              
00000933  USBVECINT_H                            
00000932  USBVECINT_L                            
0000447c  USCI_A0_ISR                            
00004490  USCI_A1_ISR                            
00002426  Vd                                     
0000015c  WDTCTL                                 
0000015d  WDTCTL_H                               
0000015c  WDTCTL_L                               
00014350  Write_IIC_Byte                         
00013e60  Write_IIC_Command                      
00013dc8  Write_IIC_Data                         
00002432  Yaw_IIC                                
00004400  __STACK_END                            
000000a0  __STACK_SIZE                           
00004732  __TI_CINIT_Base                        
00004742  __TI_CINIT_Limit                       
00004742  __TI_CINIT_Warm                        
00004720  __TI_Handler_Table_Base                
0000472c  __TI_Handler_Table_Limit               
000044a8  __TI_ISR_TRAP                          
00013cd8  __TI_auto_init_nobinit_nopinit_hold_wdt
0001394e  __TI_decompress_lzss                   
000146b2  __TI_decompress_none                   
00011448  __TI_frcdivd                           
00012e22  __TI_frcmpyd                           
0000ffd2  __TI_int41                             
0000ffd4  __TI_int42                             
0000ffd6  __TI_int43                             
0000ffd8  __TI_int44                             
0000ffda  __TI_int45                             
0000ffdc  __TI_int46                             
0000ffde  __TI_int47                             
0000ffe0  __TI_int48                             
0000ffe2  __TI_int49                             
0000ffe4  __TI_int50                             
0000ffe6  __TI_int51                             
0000ffe8  __TI_int52                             
0000ffea  __TI_int53                             
0000ffec  __TI_int54                             
0000ffee  __TI_int55                             
0000fff0  __TI_int56                             
0000fff2  __TI_int57                             
0000fff4  __TI_int58                             
0000fff6  __TI_int59                             
0000fff8  __TI_int60                             
0000fffa  __TI_int61                             
0000fffc  __TI_int62                             
ffffffff  __TI_pprof_out_hndl                    
ffffffff  __TI_prof_data_size                    
ffffffff  __TI_prof_data_start                   
000145a4  __TI_zero_init_nomemset                
ffffffff  __c_args__                             
00010766  __mspabi_addd                          
00012f8c  __mspabi_addf                          
00013298  __mspabi_cmpd                          
00013eaa  __mspabi_cmpf                          
000135bc  __mspabi_cvtdf                         
00013b04  __mspabi_cvtfd                         
0001250c  __mspabi_divd                          
000137c4  __mspabi_divf                          
00014676  __mspabi_divu                          
000146a0  __mspabi_fixdu                         
00013a34  __mspabi_fixdul                        
00013a9c  __mspabi_fixfi                         
0001431a  __mspabi_fltif                         
00014710  __mspabi_fltud                         
000145c8  __mspabi_fltuf                         
00013854  __mspabi_fltuld                        
0001227a  __mspabi_mpyd                          
00013504  __mspabi_mpyf                          
00014648  __mspabi_mpyi_f5hw                     
000145ec  __mspabi_mpyl_f5hw                     
00013bc8  __mspabi_mpyll_f5hw                    
0001452c  __mspabi_mpyull_f5hw                   
000144d0  __mspabi_negd                          
000146fc  __mspabi_negf                          
00014676  __mspabi_remu                          
00014706  __mspabi_slli                          
00014146  __mspabi_slll_1                        
00014122  __mspabi_slll_10                       
0001411e  __mspabi_slll_11                       
0001411a  __mspabi_slll_12                       
00014116  __mspabi_slll_13                       
00014112  __mspabi_slll_14                       
0001410e  __mspabi_slll_15                       
00014142  __mspabi_slll_2                        
0001413e  __mspabi_slll_3                        
0001413a  __mspabi_slll_4                        
00014136  __mspabi_slll_5                        
00014132  __mspabi_slll_6                        
0001412e  __mspabi_slll_7                        
0001412a  __mspabi_slll_8                        
00014126  __mspabi_slll_9                        
00014200  __mspabi_sllll                         
00014108  __mspabi_sral_1                        
000140e4  __mspabi_sral_10                       
000140e0  __mspabi_sral_11                       
000140dc  __mspabi_sral_12                       
000140d8  __mspabi_sral_13                       
000140d4  __mspabi_sral_14                       
000140d0  __mspabi_sral_15                       
00014104  __mspabi_sral_2                        
00014100  __mspabi_sral_3                        
000140fc  __mspabi_sral_4                        
000140f8  __mspabi_sral_5                        
000140f4  __mspabi_sral_6                        
000140f0  __mspabi_sral_7                        
000140ec  __mspabi_sral_8                        
000140e8  __mspabi_sral_9                        
00014090  __mspabi_srall                         
000146d4  __mspabi_srll                          
00014184  __mspabi_srll_1                        
00014160  __mspabi_srll_10                       
0001415c  __mspabi_srll_11                       
00014158  __mspabi_srll_12                       
00014154  __mspabi_srll_13                       
00014150  __mspabi_srll_14                       
0001414c  __mspabi_srll_15                       
00014180  __mspabi_srll_2                        
0001417c  __mspabi_srll_3                        
00014178  __mspabi_srll_4                        
00014174  __mspabi_srll_5                        
00014170  __mspabi_srll_6                        
0001416c  __mspabi_srll_7                        
00014168  __mspabi_srll_8                        
00014164  __mspabi_srll_9                        
0001423a  __mspabi_srlll                         
000143b6  __mspabi_subd                          
00012f86  __mspabi_subf                          
00004400  _c_int00_noargs                        
0000fffe  _reset_vector                          
00004360  _stack                                 
00014720  _system_post_cinit                     
0001471c  _system_pre_init                       
00014716  abort                                  
000146f2  abs                                    
000025a0  accx                                   
000025a4  accy                                   
000025a8  accz                                   
00002484  apoint_count                           
00002486  apoint_time                            
00002482  apoint_times                           
000118b0  atan                                   
000118b0  atanl                                  
00002468  beeb_flag                              
0001462e  button_init                            
00002464  check_corner                           
0000247e  circle_time                            
0000246a  corner_enter                           
00002466  corner_flag                            
0000247a  corner_inner_flag                      
0000247c  corner_outter_flag                     
00014722  delay                                  
0000243e  dt                                     
00002488  dxd                                    
000024c6  encoder_L                              
000024ca  encoder_LL                             
000024c4  encoder_R                              
000024c8  encoder_RR                             
000144fe  encoder_init                           
00002462  end                                    
00010e90  expf                                   
00002480  force_out                              
0000240e  fuzzy_D_out                            
00002412  fuzzy_I_out                            
0000240a  fuzzy_P_out                            
0000241a  fuzzy_kd                               
00002422  fuzzy_ki                               
00002416  fuzzy_kp                               
0000241e  fuzzy_kp_bas                           
00002446  gyro_y_0                               
00002442  gyro_z_0                               
000025ac  gyrox                                  
000025b0  gyroy                                  
000025b4  gyroz                                  
000143e8  increaseVCoreToLevel2                  
00013c24  init                                   
00013e14  initClockTo16MHz                       
00002406  kd_m                                   
000025c2  key1_flag                              
000025c4  key1_last_status                       
000024f2  key1_status                            
000025c6  key2_flag                              
000025c8  key2_last_status                       
000024f4  key2_status                            
000025ca  key3_flag                              
000024f6  key3_status                            
000025cc  key4_flag                              
000024f8  key4_status                            
00013c80  key_switch                             
00002402  kp_m                                   
0000246c  l0_enable                              
0000246e  l1_enable                              
00002470  l2_enable                              
00002472  l3_enable                              
00002474  l4_enable                              
00002476  l5_enable                              
00002478  l6_enable                              
000024e6  left_dir                               
00014610  light_clear                            
00013b68  light_get                              
00013fc8  light_init                             
000025b8  light_posi_1                           
00013f82  main                                   
0001468c  memcpy                                 
00014660  memset                                 
0001404e  motor_init                             
00011fc2  mpupose                                
0000465e  msp430_expHighExp                      
00004576  msp430_expHighRes                      
0000467e  msp430_expLowExp                       
000045b6  msp430_expLowRes                       
000045f6  msp430_exp_coeffs                      
000130b8  pid_diff                               
0000244e  pitch_angle                            
0001366e  pwm_duty                               
00012c88  pwm_init                               
000024e8  right_dir                              
000024d8  rule_d                                 
000139c4  run                                    
00013444  setVCoreUp                             
000024ce  speed_L                                
000024cc  speed_R                                
00002400  start_flag                             
000138d4  timer_init                             
0000244a  yaw_angle                              


GLOBAL SYMBOLS: SORTED BY Symbol Address 

address   name                                   
-------   ----                                   
000000a0  __STACK_SIZE                           
00000100  SFRIE1                                 
00000100  SFRIE1_L                               
00000101  SFRIE1_H                               
00000102  SFRIFG1                                
00000102  SFRIFG1_L                              
00000103  SFRIFG1_H                              
00000104  SFRRPCR                                
[...]
00000904  USBPHYCTL_L                            
00000905  USBPHYCTL_H                            
00000908  USBPWRCTL                              
00000908  USBPWRCTL_L                            
00000909  USBPWRCTL_H                            
00000910  USBPLLCTL                              
00000910  USBPLLCTL_L                            
00000911  USBPLLCTL_H                            
00000912  USBPLLDIVB                             
00000912  USBPLLDIVB_L                           
00000913  USBPLLDIVB_H                           
00000914  USBPLLIR                               
00000914  USBPLLIR_L                             
00000915  USBPLLIR_H                             
00000920  USBIEPCNF_0                            
00000921  USBIEPCNT_0                            
00000922  USBOEPCNF_0                            
00000923  USBOEPCNT_0                            
0000092e  USBIEPIE                               
0000092f  USBOEPIE                               
00000930  USBIEPIFG                              
00000931  USBOEPIFG                              
00000932  USBVECINT                              
00000932  USBVECINT_L                            
00000933  USBVECINT_H                            
00000936  USBMAINT                               
00000936  USBMAINT_L                             
00000937  USBMAINT_H                             
00000938  USBTSREG                               
00000938  USBTSREG_L                             
00000939  USBTSREG_H                             
0000093a  USBFN                                  
0000093a  USBFN_L                                
0000093b  USBFN_H                                
0000093c  USBCTL                                 
0000093d  USBIE                                  
0000093e  USBIFG                                 
0000093f  USBFUNADR                              
00001c00  USBSTABUFF                             
0000236f  USBTOPBUFF                             
00002370  USBOEP0BUF                             
00002378  USBIEP0BUF                             
00002380  USBSUBLK                               
00002388  USBOEPCNF_1                            
00002389  USBOEPBBAX_1                           
0000238a  USBOEPBCTX_1                           
0000238d  USBOEPBBAY_1                           
0000238e  USBOEPBCTY_1                           
0000238f  USBOEPSIZXY_1                          
00002390  USBOEPCNF_2                            
00002391  USBOEPBBAX_2                           
00002392  USBOEPBCTX_2                           
00002395  USBOEPBBAY_2                           
00002396  USBOEPBCTY_2                           
00002397  USBOEPSIZXY_2                          
00002398  USBOEPCNF_3                            
00002399  USBOEPBBAX_3                           
0000239a  USBOEPBCTX_3                           
0000239d  USBOEPBBAY_3                           
0000239e  USBOEPBCTY_3                           
0000239f  USBOEPSIZXY_3                          
000023a0  USBOEPCNF_4                            
000023a1  USBOEPBBAX_4                           
000023a2  USBOEPBCTX_4                           
000023a5  USBOEPBBAY_4                           
000023a6  USBOEPBCTY_4                           
000023a7  USBOEPSIZXY_4                          
000023a8  USBOEPCNF_5                            
000023a9  USBOEPBBAX_5                           
000023aa  USBOEPBCTX_5                           
000023ad  USBOEPBBAY_5                           
000023ae  USBOEPBCTY_5                           
000023af  USBOEPSIZXY_5                          
000023b0  USBOEPCNF_6                            
000023b1  USBOEPBBAX_6                           
000023b2  USBOEPBCTX_6                           
000023b5  USBOEPBBAY_6                           
000023b6  USBOEPBCTY_6                           
000023b7  USBOEPSIZXY_6                          
000023b8  USBOEPCNF_7                            
000023b9  USBOEPBBAX_7                           
000023ba  USBOEPBCTX_7                           
000023bd  USBOEPBBAY_7                           
000023be  USBOEPBCTY_7                           
000023bf  USBOEPSIZXY_7                          
000023c8  USBIEPCNF_1                            
000023c9  USBIEPBBAX_1                           
000023ca  USBIEPBCTX_1                           
000023cd  USBIEPBBAY_1                           
000023ce  USBIEPBCTY_1                           
000023cf  USBIEPSIZXY_1                          
000023d0  USBIEPCNF_2                            
000023d1  USBIEPBBAX_2                           
000023d2  USBIEPBCTX_2                           
000023d5  USBIEPBBAY_2                           
000023d6  USBIEPBCTY_2                           
000023d7  USBIEPSIZXY_2                          
000023d8  USBIEPCNF_3                            
000023d9  USBIEPBBAX_3                           
000023da  USBIEPBCTX_3                           
000023dd  USBIEPBBAY_3                           
000023de  USBIEPBCTY_3                           
000023df  USBIEPSIZXY_3                          
000023e0  USBIEPCNF_4                            
000023e1  USBIEPBBAX_4                           
000023e2  USBIEPBCTX_4                           
000023e5  USBIEPBBAY_4                           
000023e6  USBIEPBCTY_4                           
000023e7  USBIEPSIZXY_4                          
000023e8  USBIEPCNF_5                            
000023e9  USBIEPBBAX_5                           
000023ea  USBIEPBCTX_5                           
000023ed  USBIEPBBAY_5                           
000023ee  USBIEPBCTY_5                           
000023ef  USBIEPSIZXY_5                          
000023f0  USBIEPCNF_6                            
000023f1  USBIEPBBAX_6                           
000023f2  USBIEPBCTX_6                           
000023f5  USBIEPBBAY_6                           
000023f6  USBIEPBCTY_6                           
000023f7  USBIEPSIZXY_6                          
000023f8  USBIEPCNF_7                            
000023f9  USBIEPBBAX_7                           
000023fa  USBIEPBCTX_7                           
000023fd  USBIEPBBAY_7                           
000023fe  USBIEPBCTY_7                           
000023ff  USBIEPSIZXY_7                          
00002400  start_flag                             
00002402  kp_m                                   
00002406  kd_m                                   
0000240a  fuzzy_P_out                            
0000240e  fuzzy_D_out                            
00002412  fuzzy_I_out                            
00002416  fuzzy_kp                               
0000241a  fuzzy_kd                               
0000241e  fuzzy_kp_bas                           
00002422  fuzzy_ki                               
00002426  Vd                                     
00002432  Yaw_IIC                                
00002436  Roll_IIC                               
0000243a  Pitch_IIC                              
0000243e  dt                                     
00002442  gyro_z_0                               
00002446  gyro_y_0                               
0000244a  yaw_angle                              
0000244e  pitch_angle                            
00002452  Merge_Pitch                            
00002456  Merge_Yaw                              
00002462  end                                    
00002464  check_corner                           
00002466  corner_flag                            
00002468  beeb_flag                              
0000246a  corner_enter                           
0000246c  l0_enable                              
0000246e  l1_enable                              
00002470  l2_enable                              
00002472  l3_enable                              
00002474  l4_enable                              
00002476  l5_enable                              
00002478  l6_enable                              
0000247a  corner_inner_flag                      
0000247c  corner_outter_flag                     
0000247e  circle_time                            
00002480  force_out                              
00002482  apoint_times                           
00002484  apoint_count                           
00002486  apoint_time                            
00002488  dxd                                    
0000248c  DFF                                    
000024a8  EFF                                    
000024c4  encoder_R                              
000024c6  encoder_L                              
000024c8  encoder_RR                             
000024ca  encoder_LL                             
000024cc  speed_R                                
000024ce  speed_L                                
000024d0  LeftMotor_TotalEncoder                 
000024d2  RightMotor_TotalEncoder                
000024d4  Avg_speed                              
000024d8  rule_d                                 
000024e6  left_dir                               
000024e8  right_dir                              
000024f2  key1_status                            
000024f4  key2_status                            
000024f6  key3_status                            
000024f8  key4_status                            
000024fa  MOTOR                                  
00002532  LINECTL                                
00002552  Motor_Left                             
00002572  Motor_Right                            
00002592  LINELIGHT                              
000025a0  accx                                   
000025a4  accy                                   
000025a8  accz                                   
000025ac  gyrox                                  
000025b0  gyroy                                  
000025b4  gyroz                                  
000025b8  light_posi_1                           
000025bc  Data_USCI_A0                           
000025be  SetLeft                                
000025c0  SetRight                               
000025c2  key1_flag                              
000025c4  key1_last_status                       
000025c6  key2_flag                              
000025c8  key2_last_status                       
000025ca  key3_flag                              
000025cc  key4_flag                              
00004360  _stack                                 
00004400  __STACK_END                            
00004400  _c_int00_noargs                        
0000441c  TIMER2_A1_ISR                          
00004436  TIMER0_A1_ISR                          
0000444e  TIMER0_B0                              
00004466  ADC12_ISR                              
0000447c  USCI_A0_ISR                            
00004490  USCI_A1_ISR                            
0000449e  TIMER1_A0                              
000044a8  __TI_ISR_TRAP                          
000044b0  TIMER0_A0                              
000044b6  TIMER2_A0                              
00004576  msp430_expHighRes                      
000045b6  msp430_expLowRes                       
000045f6  msp430_exp_coeffs                      
0000465e  msp430_expHighExp                      
0000467e  msp430_expLowExp                       
00004720  __TI_Handler_Table_Base                
0000472c  __TI_Handler_Table_Limit               
00004732  __TI_CINIT_Base                        
00004742  __TI_CINIT_Limit                       
00004742  __TI_CINIT_Warm                        
0000ffd2  __TI_int41                             
0000ffd4  __TI_int42                             
0000ffd6  __TI_int43                             
0000ffd8  __TI_int44                             
0000ffda  __TI_int45                             
0000ffdc  __TI_int46                             
0000ffde  __TI_int47                             
0000ffe0  __TI_int48                             
0000ffe2  __TI_int49                             
0000ffe4  __TI_int50                             
0000ffe6  __TI_int51                             
0000ffe8  __TI_int52                             
0000ffea  __TI_int53                             
0000ffec  __TI_int54                             
0000ffee  __TI_int55                             
0000fff0  __TI_int56                             
0000fff2  __TI_int57                             
0000fff4  __TI_int58                             
0000fff6  __TI_int59                             
0000fff8  __TI_int60                             
0000fffa  __TI_int61                             
0000fffc  __TI_int62                             
0000fffe  _reset_vector                          
00010000  KP_Fuzzy                               
00010766  __mspabi_addd                          
00010e90  expf                                   
00011448  __TI_frcdivd                           
000118b0  atan                                   
000118b0  atanl                                  
00011cec  Light_Error                            
00011fc2  mpupose                                
0001227a  __mspabi_mpyd                          
0001250c  __mspabi_divd                          
00012728  Motor_R_Control_Change_Integral        
000128fe  Motor_L_Control_Change_Integral        
00012ad2  Kd_Fuzzy                               
00012c88  pwm_init                               
00012e22  __TI_frcmpyd                           
00012f86  __mspabi_subf                          
00012f8c  __mspabi_addf                          
000130b8  pid_diff                               
000131b4  OLED_Init                              
00013298  __mspabi_cmpd                          
00013370  Speed_Control                          
00013444  setVCoreUp                             
00013504  __mspabi_mpyf                          
000135bc  __mspabi_cvtdf                         
0001366e  pwm_duty                               
0001371e  Control_Init                           
000137c4  __mspabi_divf                          
00013854  __mspabi_fltuld                        
000138d4  timer_init                             
0001394e  __TI_decompress_lzss                   
000139c4  run                                    
00013a34  __mspabi_fixdul                        
00013a9c  __mspabi_fixfi                         
00013b04  __mspabi_cvtfd                         
00013b68  light_get                              
00013bc8  __mspabi_mpyll_f5hw                    
00013c24  init                                   
00013c80  key_switch                             
00013cd8  __TI_auto_init_nobinit_nopinit_hold_wdt
00013d2c  Get_Speed                              
00013d7a  I2C_SendByte                           
00013dc8  Write_IIC_Data                         
00013e14  initClockTo16MHz                       
00013e60  Write_IIC_Command                      
00013eaa  __mspabi_cmpf                          
00013ef4  MPU_IIC_Read_Byte                      
00013f3c  MPU_IIC_Send_Byte                      
00013f82  main                                   
00013fc8  light_init                             
0001400c  MPU_IIC_Wait_Ack                       
0001404e  motor_init                             
00014090  __mspabi_srall                         
000140d0  __mspabi_sral_15                       
000140d4  __mspabi_sral_14                       
000140d8  __mspabi_sral_13                       
000140dc  __mspabi_sral_12                       
000140e0  __mspabi_sral_11                       
000140e4  __mspabi_sral_10                       
000140e8  __mspabi_sral_9                        
000140ec  __mspabi_sral_8                        
000140f0  __mspabi_sral_7                        
000140f4  __mspabi_sral_6                        
000140f8  __mspabi_sral_5                        
000140fc  __mspabi_sral_4                        
00014100  __mspabi_sral_3                        
00014104  __mspabi_sral_2                        
00014108  __mspabi_sral_1                        
0001410e  __mspabi_slll_15                       
00014112  __mspabi_slll_14                       
00014116  __mspabi_slll_13                       
0001411a  __mspabi_slll_12                       
0001411e  __mspabi_slll_11                       
00014122  __mspabi_slll_10                       
00014126  __mspabi_slll_9                        
0001412a  __mspabi_slll_8                        
0001412e  __mspabi_slll_7                        
00014132  __mspabi_slll_6                        
00014136  __mspabi_slll_5                        
0001413a  __mspabi_slll_4                        
0001413e  __mspabi_slll_3                        
00014142  __mspabi_slll_2                        
00014146  __mspabi_slll_1                        
0001414c  __mspabi_srll_15                       
00014150  __mspabi_srll_14                       
00014154  __mspabi_srll_13                       
00014158  __mspabi_srll_12                       
0001415c  __mspabi_srll_11                       
00014160  __mspabi_srll_10                       
00014164  __mspabi_srll_9                        
00014168  __mspabi_srll_8                        
0001416c  __mspabi_srll_7                        
00014170  __mspabi_srll_6                        
00014174  __mspabi_srll_5                        
00014178  __mspabi_srll_4                        
0001417c  __mspabi_srll_3                        
00014180  __mspabi_srll_2                        
00014184  __mspabi_srll_1                        
0001418a  OLED_Clear                             
000141c6  I2C_RecvACK                            
00014200  __mspabi_sllll                         
0001423a  __mspabi_srlll                         
00014274  InitMPU6050                            
000142ac  MPU_Read_Byte                          
000142e4  I2C_Stop                               
0001431a  __mspabi_fltif                         
00014350  Write_IIC_Byte                         
00014384  I2C_Start                              
000143b6  __mspabi_subd                          
000143e8  increaseVCoreToLevel2                  
00014418  MPU_IIC_Ack                            
00014446  MPU_IIC_NAck                           
00014474  MPU_IIC_Start                          
000144a2  MPU_IIC_Stop                           
000144d0  __mspabi_negd                          
000144fe  encoder_init                           
0001452c  __mspabi_mpyull_f5hw                   
00014558  Fabs                                   
0001457e  Single_WriteI2C                        
000145a4  __TI_zero_init_nomemset                
000145c8  __mspabi_fltuf                         
000145ec  __mspabi_mpyl_f5hw                     
00014610  light_clear                            
0001462e  button_init                            
00014648  __mspabi_mpyi_f5hw                     
00014660  memset                                 
00014676  __mspabi_divu                          
00014676  __mspabi_remu                          
0001468c  memcpy                                 
000146a0  __mspabi_fixdu                         
000146b2  __TI_decompress_none                   
000146c4  OLED_WR_Byte                           
000146d4  __mspabi_srll                          
000146e4  EncoderCount                           
000146f2  abs                                    
000146fc  __mspabi_negf                          
00014706  __mspabi_slli                          
00014710  __mspabi_fltud                         
00014716  C$$EXIT                                
00014716  abort                                  
0001471c  _system_pre_init                       
00014720  _system_post_cinit                     
00014722  delay                                  
ffffffff  __TI_pprof_out_hndl                    
ffffffff  __TI_prof_data_size                    
ffffffff  __TI_prof_data_start                   
ffffffff  __c_args__                             

[1003 symbols]
