<?xml version="1.0" encoding="ISO-8859-1" ?>
<link_info>
   <banner>MSP430 Linker PC v21.6.1.LTS</banner>
   <copyright>Copyright (c) 2003-2018 Texas Instruments Incorporated</copyright>
   <link_time>0x64c7adef</link_time>
   <link_errors>0x0</link_errors>
   <output_file>TJ.out</output_file>
   <entry_point>
      <name>_c_int00_noargs</name>
      <address>0x4400</address>
   </entry_point>
   <input_file_list>
      <input_file id="fl-2">
         <path>.\CODE\</path>
         <kind>object</kind>
         <file>Back_Wheel.obj</file>
         <name>Back_Wheel.obj</name>
      </input_file>
      <input_file id="fl-3">
         <path>.\CODE\</path>
         <kind>object</kind>
         <file>Beep.obj</file>
         <name>Beep.obj</name>
      </input_file>
      <input_file id="fl-4">
         <path>.\CODE\</path>
         <kind>object</kind>
         <file>Light.obj</file>
         <name>Light.obj</name>
      </input_file>
      <input_file id="fl-5">
         <path>.\CODE\</path>
         <kind>object</kind>
         <file>NRF24L01.obj</file>
         <name>NRF24L01.obj</name>
      </input_file>
      <input_file id="fl-6">
         <path>.\CODE\</path>
         <kind>object</kind>
         <file>Oled.obj</file>
         <name>Oled.obj</name>
      </input_file>
      <input_file id="fl-7">
         <path>.\CODE\</path>
         <kind>object</kind>
         <file>PM_Control.obj</file>
         <name>PM_Control.obj</name>
      </input_file>
      <input_file id="fl-8">
         <path>.\CODE\</path>
         <kind>object</kind>
         <file>QMath.obj</file>
         <name>QMath.obj</name>
      </input_file>
      <input_file id="fl-9">
         <path>.\CODE\</path>
         <kind>object</kind>
         <file>TOF.obj</file>
         <name>TOF.obj</name>
      </input_file>
      <input_file id="fl-a">
         <path>.\CODE\</path>
         <kind>object</kind>
         <file>WIRELESS.obj</file>
         <name>WIRELESS.obj</name>
      </input_file>
      <input_file id="fl-b">
         <path>.\CODE\</path>
         <kind>object</kind>
         <file>adc.obj</file>
         <name>adc.obj</name>
      </input_file>
      <input_file id="fl-c">
         <path>.\CODE\</path>
         <kind>object</kind>
         <file>all_init.obj</file>
         <name>all_init.obj</name>
      </input_file>
      <input_file id="fl-d">
         <path>.\CODE\</path>
         <kind>object</kind>
         <file>button.obj</file>
         <name>button.obj</name>
      </input_file>
      <input_file id="fl-e">
         <path>.\CODE\</path>
         <kind>object</kind>
         <file>delay.obj</file>
         <name>delay.obj</name>
      </input_file>
      <input_file id="fl-f">
         <path>.\CODE\</path>
         <kind>object</kind>
         <file>distance.obj</file>
         <name>distance.obj</name>
      </input_file>
      <input_file id="fl-10">
         <path>.\CODE\</path>
         <kind>object</kind>
         <file>encoder.obj</file>
         <name>encoder.obj</name>
      </input_file>
      <input_file id="fl-11">
         <path>.\CODE\</path>
         <kind>object</kind>
         <file>gy86.obj</file>
         <name>gy86.obj</name>
      </input_file>
      <input_file id="fl-12">
         <path>.\CODE\</path>
         <kind>object</kind>
         <file>gyroscope.obj</file>
         <name>gyroscope.obj</name>
      </input_file>
      <input_file id="fl-13">
         <path>.\CODE\</path>
         <kind>object</kind>
         <file>key.obj</file>
         <name>key.obj</name>
      </input_file>
      <input_file id="fl-14">
         <path>.\CODE\</path>
         <kind>object</kind>
         <file>main.obj</file>
         <name>main.obj</name>
      </input_file>
      <input_file id="fl-15">
         <path>.\CODE\</path>
         <kind>object</kind>
         <file>pwm.obj</file>
         <name>pwm.obj</name>
      </input_file>
      <input_file id="fl-16">
         <path>.\CODE\</path>
         <kind>object</kind>
         <file>timer.obj</file>
         <name>timer.obj</name>
      </input_file>
      <input_file id="fl-17">
         <path>.\CODE\</path>
         <kind>object</kind>
         <file>uart.obj</file>
         <name>uart.obj</name>
      </input_file>
      <input_file id="fl-18">
         <path>.\driverlib\MSP430F5xx_6xx\</path>
         <kind>object</kind>
         <file>adc10_a.obj</file>
         <name>adc10_a.obj</name>
      </input_file>
      <input_file id="fl-19">
         <path>.\driverlib\MSP430F5xx_6xx\</path>
         <kind>object</kind>
         <file>adc12_a.obj</file>
         <name>adc12_a.obj</name>
      </input_file>
      <input_file id="fl-1a">
         <path>.\driverlib\MSP430F5xx_6xx\</path>
         <kind>object</kind>
         <file>aes.obj</file>
         <name>aes.obj</name>
      </input_file>
      <input_file id="fl-1b">
         <path>.\driverlib\MSP430F5xx_6xx\</path>
         <kind>object</kind>
         <file>battbak.obj</file>
         <name>battbak.obj</name>
      </input_file>
      <input_file id="fl-1c">
         <path>.\driverlib\MSP430F5xx_6xx\</path>
         <kind>object</kind>
         <file>comp_b.obj</file>
         <name>comp_b.obj</name>
      </input_file>
      <input_file id="fl-1d">
         <path>.\driverlib\MSP430F5xx_6xx\</path>
         <kind>object</kind>
         <file>crc.obj</file>
         <name>crc.obj</name>
      </input_file>
      <input_file id="fl-1e">
         <path>.\driverlib\MSP430F5xx_6xx\</path>
         <kind>object</kind>
         <file>ctsd16.obj</file>
         <name>ctsd16.obj</name>
      </input_file>
      <input_file id="fl-1f">
         <path>.\driverlib\MSP430F5xx_6xx\</path>
         <kind>object</kind>
         <file>dac12_a.obj</file>
         <name>dac12_a.obj</name>
      </input_file>
      <input_file id="fl-20">
         <path>.\driverlib\MSP430F5xx_6xx\</path>
         <kind>object</kind>
         <file>dma.obj</file>
         <name>dma.obj</name>
      </input_file>
      <input_file id="fl-21">
         <path>.\driverlib\MSP430F5xx_6xx\</path>
         <kind>object</kind>
         <file>eusci_a_spi.obj</file>
         <name>eusci_a_spi.obj</name>
      </input_file>
      <input_file id="fl-22">
         <path>.\driverlib\MSP430F5xx_6xx\</path>
         <kind>object</kind>
         <file>eusci_a_uart.obj</file>
         <name>eusci_a_uart.obj</name>
      </input_file>
      <input_file id="fl-23">
         <path>.\driverlib\MSP430F5xx_6xx\</path>
         <kind>object</kind>
         <file>eusci_b_i2c.obj</file>
         <name>eusci_b_i2c.obj</name>
      </input_file>
      <input_file id="fl-24">
         <path>.\driverlib\MSP430F5xx_6xx\</path>
         <kind>object</kind>
         <file>eusci_b_spi.obj</file>
         <name>eusci_b_spi.obj</name>
      </input_file>
      <input_file id="fl-25">
         <path>.\driverlib\MSP430F5xx_6xx\</path>
         <kind>object</kind>
         <file>flashctl.obj</file>
         <name>flashctl.obj</name>
      </input_file>
      <input_file id="fl-26">
         <path>.\driverlib\MSP430F5xx_6xx\</path>
         <kind>object</kind>
         <file>gpio.obj</file>
         <name>gpio.obj</name>
      </input_file>
      <input_file id="fl-27">
         <path>.\driverlib\MSP430F5xx_6xx\</path>
         <kind>object</kind>
         <file>lcd_b.obj</file>
         <name>lcd_b.obj</name>
      </input_file>
      <input_file id="fl-28">
         <path>.\driverlib\MSP430F5xx_6xx\</path>
         <kind>object</kind>
         <file>lcd_c.obj</file>
         <name>lcd_c.obj</name>
      </input_file>
      <input_file id="fl-29">
         <path>.\driverlib\MSP430F5xx_6xx\</path>
         <kind>object</kind>
         <file>ldopwr.obj</file>
         <name>ldopwr.obj</name>
      </input_file>
      <input_file id="fl-2a">
         <path>.\driverlib\MSP430F5xx_6xx\</path>
         <kind>object</kind>
         <file>mpy32.obj</file>
         <name>mpy32.obj</name>
      </input_file>
      <input_file id="fl-2b">
         <path>.\driverlib\MSP430F5xx_6xx\</path>
         <kind>object</kind>
         <file>oa.obj</file>
         <name>oa.obj</name>
      </input_file>
      <input_file id="fl-2c">
         <path>.\driverlib\MSP430F5xx_6xx\</path>
         <kind>object</kind>
         <file>pmap.obj</file>
         <name>pmap.obj</name>
      </input_file>
      <input_file id="fl-2d">
         <path>.\driverlib\MSP430F5xx_6xx\</path>
         <kind>object</kind>
         <file>pmm.obj</file>
         <name>pmm.obj</name>
      </input_file>
      <input_file id="fl-2e">
         <path>.\driverlib\MSP430F5xx_6xx\</path>
         <kind>object</kind>
         <file>ram.obj</file>
         <name>ram.obj</name>
      </input_file>
      <input_file id="fl-2f">
         <path>.\driverlib\MSP430F5xx_6xx\</path>
         <kind>object</kind>
         <file>ref.obj</file>
         <name>ref.obj</name>
      </input_file>
      <input_file id="fl-30">
         <path>.\driverlib\MSP430F5xx_6xx\</path>
         <kind>object</kind>
         <file>rtc_a.obj</file>
         <name>rtc_a.obj</name>
      </input_file>
      <input_file id="fl-31">
         <path>.\driverlib\MSP430F5xx_6xx\</path>
         <kind>object</kind>
         <file>rtc_b.obj</file>
         <name>rtc_b.obj</name>
      </input_file>
      <input_file id="fl-32">
         <path>.\driverlib\MSP430F5xx_6xx\</path>
         <kind>object</kind>
         <file>rtc_c.obj</file>
         <name>rtc_c.obj</name>
      </input_file>
      <input_file id="fl-33">
         <path>.\driverlib\MSP430F5xx_6xx\</path>
         <kind>object</kind>
         <file>sd24_b.obj</file>
         <name>sd24_b.obj</name>
      </input_file>
      <input_file id="fl-34">
         <path>.\driverlib\MSP430F5xx_6xx\</path>
         <kind>object</kind>
         <file>sfr.obj</file>
         <name>sfr.obj</name>
      </input_file>
      <input_file id="fl-35">
         <path>.\driverlib\MSP430F5xx_6xx\</path>
         <kind>object</kind>
         <file>sysctl.obj</file>
         <name>sysctl.obj</name>
      </input_file>
      <input_file id="fl-36">
         <path>.\driverlib\MSP430F5xx_6xx\</path>
         <kind>object</kind>
         <file>tec.obj</file>
         <name>tec.obj</name>
      </input_file>
      <input_file id="fl-37">
         <path>.\driverlib\MSP430F5xx_6xx\</path>
         <kind>object</kind>
         <file>timer_a.obj</file>
         <name>timer_a.obj</name>
      </input_file>
      <input_file id="fl-38">
         <path>.\driverlib\MSP430F5xx_6xx\</path>
         <kind>object</kind>
         <file>timer_b.obj</file>
         <name>timer_b.obj</name>
      </input_file>
      <input_file id="fl-39">
         <path>.\driverlib\MSP430F5xx_6xx\</path>
         <kind>object</kind>
         <file>timer_d.obj</file>
         <name>timer_d.obj</name>
      </input_file>
      <input_file id="fl-3a">
         <path>.\driverlib\MSP430F5xx_6xx\</path>
         <kind>object</kind>
         <file>tlv.obj</file>
         <name>tlv.obj</name>
      </input_file>
      <input_file id="fl-3b">
         <path>.\driverlib\MSP430F5xx_6xx\</path>
         <kind>object</kind>
         <file>ucs.obj</file>
         <name>ucs.obj</name>
      </input_file>
      <input_file id="fl-3c">
         <path>.\driverlib\MSP430F5xx_6xx\</path>
         <kind>object</kind>
         <file>usci_a_spi.obj</file>
         <name>usci_a_spi.obj</name>
      </input_file>
      <input_file id="fl-3d">
         <path>.\driverlib\MSP430F5xx_6xx\</path>
         <kind>object</kind>
         <file>usci_a_uart.obj</file>
         <name>usci_a_uart.obj</name>
      </input_file>
      <input_file id="fl-3e">
         <path>.\driverlib\MSP430F5xx_6xx\</path>
         <kind>object</kind>
         <file>usci_b_i2c.obj</file>
         <name>usci_b_i2c.obj</name>
      </input_file>
      <input_file id="fl-3f">
         <path>.\driverlib\MSP430F5xx_6xx\</path>
         <kind>object</kind>
         <file>usci_b_spi.obj</file>
         <name>usci_b_spi.obj</name>
      </input_file>
      <input_file id="fl-40">
         <path>.\driverlib\MSP430F5xx_6xx\</path>
         <kind>object</kind>
         <file>wdt_a.obj</file>
         <name>wdt_a.obj</name>
      </input_file>
      <input_file id="fl-46">
         <kind>object</kind>
         <file>&lt;internal&gt;</file>
         <name>&lt;internal&gt;</name>
      </input_file>
      <input_file id="fl-4c">
         <path>E:\Ti\ccs\ccs_base\msp430\lib\5xx_6xx_FRxx\</path>
         <kind>archive</kind>
         <file>MSPMATHLIB_CCS_msp430_5xx_6xx_FRxx_large_code_restricted_data.lib</file>
         <name>msp430_exp.o</name>
      </input_file>
      <input_file id="fl-4d">
         <path>E:\Ti\ccs\ccs_base\msp430\lib\5xx_6xx_FRxx\</path>
         <kind>archive</kind>
         <file>MSPMATHLIB_CCS_msp430_5xx_6xx_FRxx_large_code_restricted_data.lib</file>
         <name>msp430_tables.o</name>
      </input_file>
      <input_file id="fl-63">
         <path>E:\Ti\ccs\tools\compiler\ti-cgt-msp430_21.6.1.LTS\lib\</path>
         <kind>archive</kind>
         <file>rts430x_lc_rd_eabi.lib</file>
         <name>s_atan.c.obj</name>
      </input_file>
      <input_file id="fl-64">
         <path>E:\Ti\ccs\tools\compiler\ti-cgt-msp430_21.6.1.LTS\lib\</path>
         <kind>archive</kind>
         <file>rts430x_lc_rd_eabi.lib</file>
         <name>div16s.asm.obj</name>
      </input_file>
      <input_file id="fl-65">
         <path>E:\Ti\ccs\tools\compiler\ti-cgt-msp430_21.6.1.LTS\lib\</path>
         <kind>archive</kind>
         <file>rts430x_lc_rd_eabi.lib</file>
         <name>div16u.asm.obj</name>
      </input_file>
      <input_file id="fl-66">
         <path>E:\Ti\ccs\tools\compiler\ti-cgt-msp430_21.6.1.LTS\lib\</path>
         <kind>archive</kind>
         <file>rts430x_lc_rd_eabi.lib</file>
         <name>div32s.asm.obj</name>
      </input_file>
      <input_file id="fl-67">
         <path>E:\Ti\ccs\tools\compiler\ti-cgt-msp430_21.6.1.LTS\lib\</path>
         <kind>archive</kind>
         <file>rts430x_lc_rd_eabi.lib</file>
         <name>div32u.asm.obj</name>
      </input_file>
      <input_file id="fl-68">
         <path>E:\Ti\ccs\tools\compiler\ti-cgt-msp430_21.6.1.LTS\lib\</path>
         <kind>archive</kind>
         <file>rts430x_lc_rd_eabi.lib</file>
         <name>fs_add.asm.obj</name>
      </input_file>
      <input_file id="fl-69">
         <path>E:\Ti\ccs\tools\compiler\ti-cgt-msp430_21.6.1.LTS\lib\</path>
         <kind>archive</kind>
         <file>rts430x_lc_rd_eabi.lib</file>
         <name>fs_cmp.asm.obj</name>
      </input_file>
      <input_file id="fl-6a">
         <path>E:\Ti\ccs\tools\compiler\ti-cgt-msp430_21.6.1.LTS\lib\</path>
         <kind>archive</kind>
         <file>rts430x_lc_rd_eabi.lib</file>
         <name>fs_div.asm.obj</name>
      </input_file>
      <input_file id="fl-6b">
         <path>E:\Ti\ccs\tools\compiler\ti-cgt-msp430_21.6.1.LTS\lib\</path>
         <kind>archive</kind>
         <file>rts430x_lc_rd_eabi.lib</file>
         <name>fs_itof.asm.obj</name>
      </input_file>
      <input_file id="fl-6c">
         <path>E:\Ti\ccs\tools\compiler\ti-cgt-msp430_21.6.1.LTS\lib\</path>
         <kind>archive</kind>
         <file>rts430x_lc_rd_eabi.lib</file>
         <name>fs_mpy.asm.obj</name>
      </input_file>
      <input_file id="fl-6d">
         <path>E:\Ti\ccs\tools\compiler\ti-cgt-msp430_21.6.1.LTS\lib\</path>
         <kind>archive</kind>
         <file>rts430x_lc_rd_eabi.lib</file>
         <name>fs_neg.asm.obj</name>
      </input_file>
      <input_file id="fl-6e">
         <path>E:\Ti\ccs\tools\compiler\ti-cgt-msp430_21.6.1.LTS\lib\</path>
         <kind>archive</kind>
         <file>rts430x_lc_rd_eabi.lib</file>
         <name>fs_toi.asm.obj</name>
      </input_file>
      <input_file id="fl-6f">
         <path>E:\Ti\ccs\tools\compiler\ti-cgt-msp430_21.6.1.LTS\lib\</path>
         <kind>archive</kind>
         <file>rts430x_lc_rd_eabi.lib</file>
         <name>fs_tou.asm.obj</name>
      </input_file>
      <input_file id="fl-70">
         <path>E:\Ti\ccs\tools\compiler\ti-cgt-msp430_21.6.1.LTS\lib\</path>
         <kind>archive</kind>
         <file>rts430x_lc_rd_eabi.lib</file>
         <name>fs_utof.asm.obj</name>
      </input_file>
      <input_file id="fl-71">
         <path>E:\Ti\ccs\tools\compiler\ti-cgt-msp430_21.6.1.LTS\lib\</path>
         <kind>archive</kind>
         <file>rts430x_lc_rd_eabi.lib</file>
         <name>int41.asm.obj</name>
      </input_file>
      <input_file id="fl-72">
         <path>E:\Ti\ccs\tools\compiler\ti-cgt-msp430_21.6.1.LTS\lib\</path>
         <kind>archive</kind>
         <file>rts430x_lc_rd_eabi.lib</file>
         <name>int42.asm.obj</name>
      </input_file>
      <input_file id="fl-73">
         <path>E:\Ti\ccs\tools\compiler\ti-cgt-msp430_21.6.1.LTS\lib\</path>
         <kind>archive</kind>
         <file>rts430x_lc_rd_eabi.lib</file>
         <name>int45.asm.obj</name>
      </input_file>
      <input_file id="fl-74">
         <path>E:\Ti\ccs\tools\compiler\ti-cgt-msp430_21.6.1.LTS\lib\</path>
         <kind>archive</kind>
         <file>rts430x_lc_rd_eabi.lib</file>
         <name>int47.asm.obj</name>
      </input_file>
      <input_file id="fl-75">
         <path>E:\Ti\ccs\tools\compiler\ti-cgt-msp430_21.6.1.LTS\lib\</path>
         <kind>archive</kind>
         <file>rts430x_lc_rd_eabi.lib</file>
         <name>int48.asm.obj</name>
      </input_file>
      <input_file id="fl-76">
         <path>E:\Ti\ccs\tools\compiler\ti-cgt-msp430_21.6.1.LTS\lib\</path>
         <kind>archive</kind>
         <file>rts430x_lc_rd_eabi.lib</file>
         <name>int50.asm.obj</name>
      </input_file>
      <input_file id="fl-77">
         <path>E:\Ti\ccs\tools\compiler\ti-cgt-msp430_21.6.1.LTS\lib\</path>
         <kind>archive</kind>
         <file>rts430x_lc_rd_eabi.lib</file>
         <name>int51.asm.obj</name>
      </input_file>
      <input_file id="fl-78">
         <path>E:\Ti\ccs\tools\compiler\ti-cgt-msp430_21.6.1.LTS\lib\</path>
         <kind>archive</kind>
         <file>rts430x_lc_rd_eabi.lib</file>
         <name>int55.asm.obj</name>
      </input_file>
      <input_file id="fl-79">
         <path>E:\Ti\ccs\tools\compiler\ti-cgt-msp430_21.6.1.LTS\lib\</path>
         <kind>archive</kind>
         <file>rts430x_lc_rd_eabi.lib</file>
         <name>int57.asm.obj</name>
      </input_file>
      <input_file id="fl-7a">
         <path>E:\Ti\ccs\tools\compiler\ti-cgt-msp430_21.6.1.LTS\lib\</path>
         <kind>archive</kind>
         <file>rts430x_lc_rd_eabi.lib</file>
         <name>int58.asm.obj</name>
      </input_file>
      <input_file id="fl-7b">
         <path>E:\Ti\ccs\tools\compiler\ti-cgt-msp430_21.6.1.LTS\lib\</path>
         <kind>archive</kind>
         <file>rts430x_lc_rd_eabi.lib</file>
         <name>int60.asm.obj</name>
      </input_file>
      <input_file id="fl-7c">
         <path>E:\Ti\ccs\tools\compiler\ti-cgt-msp430_21.6.1.LTS\lib\</path>
         <kind>archive</kind>
         <file>rts430x_lc_rd_eabi.lib</file>
         <name>int61.asm.obj</name>
      </input_file>
      <input_file id="fl-7d">
         <path>E:\Ti\ccs\tools\compiler\ti-cgt-msp430_21.6.1.LTS\lib\</path>
         <kind>archive</kind>
         <file>rts430x_lc_rd_eabi.lib</file>
         <name>int62.asm.obj</name>
      </input_file>
      <input_file id="fl-7e">
         <path>E:\Ti\ccs\tools\compiler\ti-cgt-msp430_21.6.1.LTS\lib\</path>
         <kind>archive</kind>
         <file>rts430x_lc_rd_eabi.lib</file>
         <name>isr_trap.asm.obj</name>
      </input_file>
      <input_file id="fl-7f">
         <path>E:\Ti\ccs\tools\compiler\ti-cgt-msp430_21.6.1.LTS\lib\</path>
         <kind>archive</kind>
         <file>rts430x_lc_rd_eabi.lib</file>
         <name>lsl16.asm.obj</name>
      </input_file>
      <input_file id="fl-80">
         <path>E:\Ti\ccs\tools\compiler\ti-cgt-msp430_21.6.1.LTS\lib\</path>
         <kind>archive</kind>
         <file>rts430x_lc_rd_eabi.lib</file>
         <name>lsl32.asm.obj</name>
      </input_file>
      <input_file id="fl-81">
         <path>E:\Ti\ccs\tools\compiler\ti-cgt-msp430_21.6.1.LTS\lib\</path>
         <kind>archive</kind>
         <file>rts430x_lc_rd_eabi.lib</file>
         <name>lsr32.asm.obj</name>
      </input_file>
      <input_file id="fl-82">
         <path>E:\Ti\ccs\tools\compiler\ti-cgt-msp430_21.6.1.LTS\lib\</path>
         <kind>archive</kind>
         <file>rts430x_lc_rd_eabi.lib</file>
         <name>mult16.asm.obj</name>
      </input_file>
      <input_file id="fl-83">
         <path>E:\Ti\ccs\tools\compiler\ti-cgt-msp430_21.6.1.LTS\lib\</path>
         <kind>archive</kind>
         <file>rts430x_lc_rd_eabi.lib</file>
         <name>mult16_f5hw.asm.obj</name>
      </input_file>
      <input_file id="fl-84">
         <path>E:\Ti\ccs\tools\compiler\ti-cgt-msp430_21.6.1.LTS\lib\</path>
         <kind>archive</kind>
         <file>rts430x_lc_rd_eabi.lib</file>
         <name>mult1632_f5hw.asm.obj</name>
      </input_file>
      <input_file id="fl-85">
         <path>E:\Ti\ccs\tools\compiler\ti-cgt-msp430_21.6.1.LTS\lib\</path>
         <kind>archive</kind>
         <file>rts430x_lc_rd_eabi.lib</file>
         <name>mult32.asm.obj</name>
      </input_file>
      <input_file id="fl-86">
         <path>E:\Ti\ccs\tools\compiler\ti-cgt-msp430_21.6.1.LTS\lib\</path>
         <kind>archive</kind>
         <file>rts430x_lc_rd_eabi.lib</file>
         <name>mult32_f5hw.asm.obj</name>
      </input_file>
      <input_file id="fl-87">
         <path>E:\Ti\ccs\tools\compiler\ti-cgt-msp430_21.6.1.LTS\lib\</path>
         <kind>archive</kind>
         <file>rts430x_lc_rd_eabi.lib</file>
         <name>mult3264_f5hw.asm.obj</name>
      </input_file>
      <input_file id="fl-88">
         <path>E:\Ti\ccs\tools\compiler\ti-cgt-msp430_21.6.1.LTS\lib\</path>
         <kind>archive</kind>
         <file>rts430x_lc_rd_eabi.lib</file>
         <name>mult64_f5hw.asm.obj</name>
      </input_file>
      <input_file id="fl-89">
         <path>E:\Ti\ccs\tools\compiler\ti-cgt-msp430_21.6.1.LTS\lib\</path>
         <kind>archive</kind>
         <file>rts430x_lc_rd_eabi.lib</file>
         <name>boot.c.obj</name>
      </input_file>
      <input_file id="fl-8a">
         <path>E:\Ti\ccs\tools\compiler\ti-cgt-msp430_21.6.1.LTS\lib\</path>
         <kind>archive</kind>
         <file>rts430x_lc_rd_eabi.lib</file>
         <name>autoinit.c.obj</name>
      </input_file>
      <input_file id="fl-8b">
         <path>E:\Ti\ccs\tools\compiler\ti-cgt-msp430_21.6.1.LTS\lib\</path>
         <kind>archive</kind>
         <file>rts430x_lc_rd_eabi.lib</file>
         <name>copy_zero_init.c.obj</name>
      </input_file>
      <input_file id="fl-8c">
         <path>E:\Ti\ccs\tools\compiler\ti-cgt-msp430_21.6.1.LTS\lib\</path>
         <kind>archive</kind>
         <file>rts430x_lc_rd_eabi.lib</file>
         <name>cpy_tbl.c.obj</name>
      </input_file>
      <input_file id="fl-8d">
         <path>E:\Ti\ccs\tools\compiler\ti-cgt-msp430_21.6.1.LTS\lib\</path>
         <kind>archive</kind>
         <file>rts430x_lc_rd_eabi.lib</file>
         <name>mpu_init.c.obj</name>
      </input_file>
      <input_file id="fl-8e">
         <path>E:\Ti\ccs\tools\compiler\ti-cgt-msp430_21.6.1.LTS\lib\</path>
         <kind>archive</kind>
         <file>rts430x_lc_rd_eabi.lib</file>
         <name>lsr64.c.obj</name>
      </input_file>
      <input_file id="fl-8f">
         <path>E:\Ti\ccs\tools\compiler\ti-cgt-msp430_21.6.1.LTS\lib\</path>
         <kind>archive</kind>
         <file>rts430x_lc_rd_eabi.lib</file>
         <name>pre_init.c.obj</name>
      </input_file>
      <input_file id="fl-90">
         <path>E:\Ti\ccs\tools\compiler\ti-cgt-msp430_21.6.1.LTS\lib\</path>
         <kind>archive</kind>
         <file>rts430x_lc_rd_eabi.lib</file>
         <name>startup.c.obj</name>
      </input_file>
      <input_file id="fl-91">
         <path>E:\Ti\ccs\tools\compiler\ti-cgt-msp430_21.6.1.LTS\lib\</path>
         <kind>archive</kind>
         <file>rts430x_lc_rd_eabi.lib</file>
         <name>copy_decompress_none.c.obj</name>
      </input_file>
      <input_file id="fl-92">
         <path>E:\Ti\ccs\tools\compiler\ti-cgt-msp430_21.6.1.LTS\lib\</path>
         <kind>archive</kind>
         <file>rts430x_lc_rd_eabi.lib</file>
         <name>copy_decompress_lzss.c.obj</name>
      </input_file>
      <input_file id="fl-93">
         <path>E:\Ti\ccs\tools\compiler\ti-cgt-msp430_21.6.1.LTS\lib\</path>
         <kind>archive</kind>
         <file>rts430x_lc_rd_eabi.lib</file>
         <name>cvtdf.c.obj</name>
      </input_file>
      <input_file id="fl-94">
         <path>E:\Ti\ccs\tools\compiler\ti-cgt-msp430_21.6.1.LTS\lib\</path>
         <kind>archive</kind>
         <file>rts430x_lc_rd_eabi.lib</file>
         <name>addd.c.obj</name>
      </input_file>
      <input_file id="fl-95">
         <path>E:\Ti\ccs\tools\compiler\ti-cgt-msp430_21.6.1.LTS\lib\</path>
         <kind>archive</kind>
         <file>rts430x_lc_rd_eabi.lib</file>
         <name>cmpd.c.obj</name>
      </input_file>
      <input_file id="fl-96">
         <path>E:\Ti\ccs\tools\compiler\ti-cgt-msp430_21.6.1.LTS\lib\</path>
         <kind>archive</kind>
         <file>rts430x_lc_rd_eabi.lib</file>
         <name>cvtfd.c.obj</name>
      </input_file>
      <input_file id="fl-97">
         <path>E:\Ti\ccs\tools\compiler\ti-cgt-msp430_21.6.1.LTS\lib\</path>
         <kind>archive</kind>
         <file>rts430x_lc_rd_eabi.lib</file>
         <name>divd.c.obj</name>
      </input_file>
      <input_file id="fl-98">
         <path>E:\Ti\ccs\tools\compiler\ti-cgt-msp430_21.6.1.LTS\lib\</path>
         <kind>archive</kind>
         <file>rts430x_lc_rd_eabi.lib</file>
         <name>fixdu.c.obj</name>
      </input_file>
      <input_file id="fl-99">
         <path>E:\Ti\ccs\tools\compiler\ti-cgt-msp430_21.6.1.LTS\lib\</path>
         <kind>archive</kind>
         <file>rts430x_lc_rd_eabi.lib</file>
         <name>fixdul.c.obj</name>
      </input_file>
      <input_file id="fl-9a">
         <path>E:\Ti\ccs\tools\compiler\ti-cgt-msp430_21.6.1.LTS\lib\</path>
         <kind>archive</kind>
         <file>rts430x_lc_rd_eabi.lib</file>
         <name>fltid.c.obj</name>
      </input_file>
      <input_file id="fl-9b">
         <path>E:\Ti\ccs\tools\compiler\ti-cgt-msp430_21.6.1.LTS\lib\</path>
         <kind>archive</kind>
         <file>rts430x_lc_rd_eabi.lib</file>
         <name>fltlid.c.obj</name>
      </input_file>
      <input_file id="fl-9c">
         <path>E:\Ti\ccs\tools\compiler\ti-cgt-msp430_21.6.1.LTS\lib\</path>
         <kind>archive</kind>
         <file>rts430x_lc_rd_eabi.lib</file>
         <name>fltud.c.obj</name>
      </input_file>
      <input_file id="fl-9d">
         <path>E:\Ti\ccs\tools\compiler\ti-cgt-msp430_21.6.1.LTS\lib\</path>
         <kind>archive</kind>
         <file>rts430x_lc_rd_eabi.lib</file>
         <name>fltuld.c.obj</name>
      </input_file>
      <input_file id="fl-9e">
         <path>E:\Ti\ccs\tools\compiler\ti-cgt-msp430_21.6.1.LTS\lib\</path>
         <kind>archive</kind>
         <file>rts430x_lc_rd_eabi.lib</file>
         <name>frcdivd.c.obj</name>
      </input_file>
      <input_file id="fl-9f">
         <path>E:\Ti\ccs\tools\compiler\ti-cgt-msp430_21.6.1.LTS\lib\</path>
         <kind>archive</kind>
         <file>rts430x_lc_rd_eabi.lib</file>
         <name>mpyd.c.obj</name>
      </input_file>
      <input_file id="fl-a0">
         <path>E:\Ti\ccs\tools\compiler\ti-cgt-msp430_21.6.1.LTS\lib\</path>
         <kind>archive</kind>
         <file>rts430x_lc_rd_eabi.lib</file>
         <name>negd.c.obj</name>
      </input_file>
      <input_file id="fl-a1">
         <path>E:\Ti\ccs\tools\compiler\ti-cgt-msp430_21.6.1.LTS\lib\</path>
         <kind>archive</kind>
         <file>rts430x_lc_rd_eabi.lib</file>
         <name>subd.c.obj</name>
      </input_file>
      <input_file id="fl-a2">
         <path>E:\Ti\ccs\tools\compiler\ti-cgt-msp430_21.6.1.LTS\lib\</path>
         <kind>archive</kind>
         <file>rts430x_lc_rd_eabi.lib</file>
         <name>exit.c.obj</name>
      </input_file>
      <input_file id="fl-a3">
         <path>E:\Ti\ccs\tools\compiler\ti-cgt-msp430_21.6.1.LTS\lib\</path>
         <kind>archive</kind>
         <file>rts430x_lc_rd_eabi.lib</file>
         <name>_lock.c.obj</name>
      </input_file>
      <input_file id="fl-a4">
         <path>E:\Ti\ccs\tools\compiler\ti-cgt-msp430_21.6.1.LTS\lib\</path>
         <kind>archive</kind>
         <file>rts430x_lc_rd_eabi.lib</file>
         <name>args_main.c.obj</name>
      </input_file>
      <input_file id="fl-a5">
         <path>E:\Ti\ccs\tools\compiler\ti-cgt-msp430_21.6.1.LTS\lib\</path>
         <kind>archive</kind>
         <file>rts430x_lc_rd_eabi.lib</file>
         <name>memcpy.c.obj</name>
      </input_file>
      <input_file id="fl-a6">
         <path>E:\Ti\ccs\tools\compiler\ti-cgt-msp430_21.6.1.LTS\lib\</path>
         <kind>archive</kind>
         <file>rts430x_lc_rd_eabi.lib</file>
         <name>memset.c.obj</name>
      </input_file>
      <input_file id="fl-a7">
         <path>E:\Ti\ccs\tools\compiler\ti-cgt-msp430_21.6.1.LTS\lib\</path>
         <kind>archive</kind>
         <file>rts430x_lc_rd_eabi.lib</file>
         <name>abs.c.obj</name>
      </input_file>
      <input_file id="fl-a8">
         <path>E:\Ti\ccs\tools\compiler\ti-cgt-msp430_21.6.1.LTS\lib\</path>
         <kind>archive</kind>
         <file>rts430x_lc_rd_eabi.lib</file>
         <name>asr32.asm.obj</name>
      </input_file>
      <input_file id="fl-a9">
         <path>E:\Ti\ccs\tools\compiler\ti-cgt-msp430_21.6.1.LTS\lib\</path>
         <kind>archive</kind>
         <file>rts430x_lc_rd_eabi.lib</file>
         <name>exit_gvars.c.obj</name>
      </input_file>
      <input_file id="fl-aa">
         <path>E:\Ti\ccs\tools\compiler\ti-cgt-msp430_21.6.1.LTS\lib\</path>
         <kind>archive</kind>
         <file>rts430x_lc_rd_eabi.lib</file>
         <name>asr64.c.obj</name>
      </input_file>
      <input_file id="fl-ab">
         <path>E:\Ti\ccs\tools\compiler\ti-cgt-msp430_21.6.1.LTS\lib\</path>
         <kind>archive</kind>
         <file>rts430x_lc_rd_eabi.lib</file>
         <name>lsl64.c.obj</name>
      </input_file>
      <input_file id="fl-ac">
         <path>E:\Ti\ccs\tools\compiler\ti-cgt-msp430_21.6.1.LTS\lib\</path>
         <kind>archive</kind>
         <file>rts430x_lc_rd_eabi.lib</file>
         <name>frcmpyd.c.obj</name>
      </input_file>
      <input_file id="fl-ad">
         <path>E:\Ti\ccs\tools\compiler\ti-cgt-msp430_21.6.1.LTS\lib\</path>
         <kind>archive</kind>
         <file>rts430x_lc_rd_eabi.lib</file>
         <name>mult3264.asm.obj</name>
      </input_file>
      <input_file id="fl-ae">
         <path>E:\Ti\ccs\tools\compiler\ti-cgt-msp430_21.6.1.LTS\lib\</path>
         <kind>archive</kind>
         <file>rts430x_lc_rd_eabi.lib</file>
         <name>mult64.asm.obj</name>
      </input_file>
      <input_file id="fl-af">
         <path>E:\Ti\ccs\tools\compiler\ti-cgt-msp430_21.6.1.LTS\lib\</path>
         <kind>archive</kind>
         <file>rts430x_lc_rd_eabi.lib</file>
         <name>mult1632.asm.obj</name>
      </input_file>
   </input_file_list>
   <object_component_list>
      <object_component id="oc-4c8">
         <name>.common:Motor_Left</name>
         <uninitialized>true</uninitialized>
         <run_address>0x2542</run_address>
         <size>0x20</size>
      </object_component>
      <object_component id="oc-4d8">
         <name>.common:Motor_Right</name>
         <uninitialized>true</uninitialized>
         <run_address>0x2562</run_address>
         <size>0x20</size>
      </object_component>
      <object_component id="oc-4da">
         <name>.common:MOTOR</name>
         <uninitialized>true</uninitialized>
         <run_address>0x24ea</run_address>
         <size>0x38</size>
      </object_component>
      <object_component id="oc-508">
         <name>.common:LINELIGHT</name>
         <uninitialized>true</uninitialized>
         <run_address>0x2582</run_address>
         <size>0xe</size>
      </object_component>
      <object_component id="oc-50b">
         <name>.common:LINECTL</name>
         <uninitialized>true</uninitialized>
         <run_address>0x2522</run_address>
         <size>0x20</size>
      </object_component>
      <object_component id="oc-65b">
         <name>.common:light_posi_1</name>
         <uninitialized>true</uninitialized>
         <run_address>0x25a8</run_address>
         <size>0x4</size>
      </object_component>
      <object_component id="oc-4d5">
         <name>.common:SetLeft</name>
         <uninitialized>true</uninitialized>
         <run_address>0x25ae</run_address>
         <size>0x2</size>
      </object_component>
      <object_component id="oc-4d9">
         <name>.common:SetRight</name>
         <uninitialized>true</uninitialized>
         <run_address>0x25b0</run_address>
         <size>0x2</size>
      </object_component>
      <object_component id="oc-47e">
         <name>.common:accx</name>
         <uninitialized>true</uninitialized>
         <run_address>0x2590</run_address>
         <size>0x4</size>
      </object_component>
      <object_component id="oc-481">
         <name>.common:accy</name>
         <uninitialized>true</uninitialized>
         <run_address>0x2594</run_address>
         <size>0x4</size>
      </object_component>
      <object_component id="oc-482">
         <name>.common:accz</name>
         <uninitialized>true</uninitialized>
         <run_address>0x2598</run_address>
         <size>0x4</size>
      </object_component>
      <object_component id="oc-483">
         <name>.common:gyrox</name>
         <uninitialized>true</uninitialized>
         <run_address>0x259c</run_address>
         <size>0x4</size>
      </object_component>
      <object_component id="oc-484">
         <name>.common:gyroy</name>
         <uninitialized>true</uninitialized>
         <run_address>0x25a0</run_address>
         <size>0x4</size>
      </object_component>
      <object_component id="oc-485">
         <name>.common:gyroz</name>
         <uninitialized>true</uninitialized>
         <run_address>0x25a4</run_address>
         <size>0x4</size>
      </object_component>
      <object_component id="oc-652">
         <name>.common:key1_last_status</name>
         <uninitialized>true</uninitialized>
         <run_address>0x25b4</run_address>
         <size>0x2</size>
      </object_component>
      <object_component id="oc-653">
         <name>.common:key2_last_status</name>
         <uninitialized>true</uninitialized>
         <run_address>0x25b8</run_address>
         <size>0x2</size>
      </object_component>
      <object_component id="oc-51e">
         <name>.common:key1_flag</name>
         <uninitialized>true</uninitialized>
         <run_address>0x25b2</run_address>
         <size>0x2</size>
      </object_component>
      <object_component id="oc-64c">
         <name>.common:key2_flag</name>
         <uninitialized>true</uninitialized>
         <run_address>0x25b6</run_address>
         <size>0x2</size>
      </object_component>
      <object_component id="oc-64d">
         <name>.common:key3_flag</name>
         <uninitialized>true</uninitialized>
         <run_address>0x25ba</run_address>
         <size>0x2</size>
      </object_component>
      <object_component id="oc-64e">
         <name>.common:key4_flag</name>
         <uninitialized>true</uninitialized>
         <run_address>0x25bc</run_address>
         <size>0x2</size>
      </object_component>
      <object_component id="oc-420">
         <name>.common:Data_USCI_A0</name>
         <uninitialized>true</uninitialized>
         <run_address>0x25ac</run_address>
         <size>0x2</size>
      </object_component>
      <object_component id="oc-5f0">
         <name>.data</name>
         <load_address>0x24d6</load_address>
         <run_address>0x24d6</run_address>
         <size>0xc</size>
         <input_file_ref idref="fl-2"/>
      </object_component>
      <object_component id="oc-658">
         <name>.data</name>
         <load_address>0x2432</load_address>
         <run_address>0x2432</run_address>
         <size>0x2a</size>
         <input_file_ref idref="fl-4"/>
      </object_component>
      <object_component id="oc-42a">
         <name>.data</name>
         <load_address>0x2400</load_address>
         <run_address>0x2400</run_address>
         <size>0x32</size>
         <input_file_ref idref="fl-7"/>
      </object_component>
      <object_component id="oc-7eb">
         <name>.data:DFF</name>
         <load_address>0x247c</load_address>
         <run_address>0x247c</run_address>
         <size>0x1c</size>
         <input_file_ref idref="fl-7"/>
      </object_component>
      <object_component id="oc-7e8">
         <name>.data:EFF</name>
         <load_address>0x2498</load_address>
         <run_address>0x2498</run_address>
         <size>0x1c</size>
         <input_file_ref idref="fl-7"/>
      </object_component>
      <object_component id="oc-7ef">
         <name>.data:rule_d</name>
         <load_address>0x24c8</load_address>
         <run_address>0x24c8</run_address>
         <size>0xe</size>
         <input_file_ref idref="fl-7"/>
      </object_component>
      <object_component id="oc-410">
         <name>.data</name>
         <load_address>0x24b4</load_address>
         <run_address>0x24b4</run_address>
         <size>0x14</size>
         <input_file_ref idref="fl-10"/>
      </object_component>
      <object_component id="oc-486">
         <name>.data</name>
         <load_address>0x245c</load_address>
         <run_address>0x245c</run_address>
         <size>0x20</size>
         <input_file_ref idref="fl-11"/>
      </object_component>
      <object_component id="oc-64f">
         <name>.data</name>
         <load_address>0x24e2</load_address>
         <run_address>0x24e2</run_address>
         <size>0x8</size>
         <input_file_ref idref="fl-13"/>
      </object_component>
      <object_component id="oc-36b">
         <name>.stack</name>
         <uninitialized>true</uninitialized>
         <run_address>0x4360</run_address>
         <size>0x4</size>
         <input_file_ref idref="fl-89"/>
      </object_component>
      <object_component id="oc-8c6">
         <name>.stack</name>
         <uninitialized>true</uninitialized>
         <run_address>0x4360</run_address>
         <size>0x0</size>
      </object_component>
      <object_component id="oc-751">
         <name>.text:KP_Fuzzy</name>
         <load_address>0x10000</load_address>
         <run_address>0x10000</run_address>
         <size>0x766</size>
         <input_file_ref idref="fl-7"/>
      </object_component>
      <object_component id="oc-593">
         <name>.text:__mspabi_addd</name>
         <load_address>0x10766</load_address>
         <run_address>0x10766</run_address>
         <size>0x72a</size>
         <input_file_ref idref="fl-94"/>
      </object_component>
      <object_component id="oc-5f8">
         <name>.text:expf</name>
         <load_address>0x10e90</load_address>
         <run_address>0x10e90</run_address>
         <size>0x5b8</size>
         <input_file_ref idref="fl-4c"/>
      </object_component>
      <object_component id="oc-5cb">
         <name>.text:__TI_frcdivd</name>
         <load_address>0x11448</load_address>
         <run_address>0x11448</run_address>
         <size>0x468</size>
         <input_file_ref idref="fl-9e"/>
      </object_component>
      <object_component id="oc-494">
         <name>.text:atan</name>
         <load_address>0x118b0</load_address>
         <run_address>0x118b0</run_address>
         <size>0x43c</size>
         <input_file_ref idref="fl-63"/>
      </object_component>
      <object_component id="oc-50c">
         <name>.text:Light_Error</name>
         <load_address>0x11cec</load_address>
         <run_address>0x11cec</run_address>
         <size>0x2d6</size>
         <input_file_ref idref="fl-4"/>
      </object_component>
      <object_component id="oc-49a">
         <name>.text:__mspabi_mpyd</name>
         <load_address>0x11fc2</load_address>
         <run_address>0x11fc2</run_address>
         <size>0x292</size>
         <input_file_ref idref="fl-9f"/>
      </object_component>
      <object_component id="oc-4a6">
         <name>.text:__mspabi_divd</name>
         <load_address>0x12254</load_address>
         <run_address>0x12254</run_address>
         <size>0x21c</size>
         <input_file_ref idref="fl-97"/>
      </object_component>
      <object_component id="oc-4e1">
         <name>.text:Motor_R_Control_Change_Integral</name>
         <load_address>0x12470</load_address>
         <run_address>0x12470</run_address>
         <size>0x1d6</size>
         <input_file_ref idref="fl-2"/>
      </object_component>
      <object_component id="oc-4db">
         <name>.text:Motor_L_Control_Change_Integral</name>
         <load_address>0x12646</load_address>
         <run_address>0x12646</run_address>
         <size>0x1d4</size>
         <input_file_ref idref="fl-2"/>
      </object_component>
      <object_component id="oc-757">
         <name>.text:Kd_Fuzzy</name>
         <load_address>0x1281a</load_address>
         <run_address>0x1281a</run_address>
         <size>0x1b6</size>
         <input_file_ref idref="fl-7"/>
      </object_component>
      <object_component id="oc-73c">
         <name>.text:pwm_init</name>
         <load_address>0x129d0</load_address>
         <run_address>0x129d0</run_address>
         <size>0x19a</size>
         <input_file_ref idref="fl-15"/>
      </object_component>
      <object_component id="oc-416">
         <name>.text:mpupose</name>
         <load_address>0x12b6a</load_address>
         <run_address>0x12b6a</run_address>
         <size>0x174</size>
         <input_file_ref idref="fl-11"/>
      </object_component>
      <object_component id="oc-5b7">
         <name>.text:__TI_frcmpyd</name>
         <load_address>0x12cde</load_address>
         <run_address>0x12cde</run_address>
         <size>0x164</size>
         <input_file_ref idref="fl-ac"/>
      </object_component>
      <object_component id="oc-4cb">
         <name>.text</name>
         <load_address>0x12e42</load_address>
         <run_address>0x12e42</run_address>
         <size>0x132</size>
         <input_file_ref idref="fl-68"/>
      </object_component>
      <object_component id="oc-667">
         <name>.text:pid_diff</name>
         <load_address>0x12f74</load_address>
         <run_address>0x12f74</run_address>
         <size>0xfc</size>
         <input_file_ref idref="fl-7"/>
      </object_component>
      <object_component id="oc-615">
         <name>.text:OLED_Init</name>
         <load_address>0x13070</load_address>
         <run_address>0x13070</run_address>
         <size>0xe4</size>
         <input_file_ref idref="fl-6"/>
      </object_component>
      <object_component id="oc-5a5">
         <name>.text:__mspabi_cmpd</name>
         <load_address>0x13154</load_address>
         <run_address>0x13154</run_address>
         <size>0xd8</size>
         <input_file_ref idref="fl-95"/>
      </object_component>
      <object_component id="oc-43c">
         <name>.text:Speed_Control</name>
         <load_address>0x1322c</load_address>
         <run_address>0x1322c</run_address>
         <size>0xd4</size>
         <input_file_ref idref="fl-7"/>
      </object_component>
      <object_component id="oc-721">
         <name>.text:setVCoreUp</name>
         <load_address>0x13300</load_address>
         <run_address>0x13300</run_address>
         <size>0xc0</size>
         <input_file_ref idref="fl-c"/>
      </object_component>
      <object_component id="oc-4b9">
         <name>.text</name>
         <load_address>0x133c0</load_address>
         <run_address>0x133c0</run_address>
         <size>0xb8</size>
         <input_file_ref idref="fl-6c"/>
      </object_component>
      <object_component id="oc-4a0">
         <name>.text:__mspabi_cvtdf</name>
         <load_address>0x13478</load_address>
         <run_address>0x13478</run_address>
         <size>0xb2</size>
         <input_file_ref idref="fl-93"/>
      </object_component>
      <object_component id="oc-5fc">
         <name>.text:pwm_duty</name>
         <load_address>0x1352a</load_address>
         <run_address>0x1352a</run_address>
         <size>0xb0</size>
         <input_file_ref idref="fl-15"/>
      </object_component>
      <object_component id="oc-645">
         <name>.text:Control_Init</name>
         <load_address>0x135da</load_address>
         <run_address>0x135da</run_address>
         <size>0xa6</size>
         <input_file_ref idref="fl-7"/>
      </object_component>
      <object_component id="oc-512">
         <name>.text:Data_show</name>
         <load_address>0x13680</load_address>
         <run_address>0x13680</run_address>
         <size>0x9c</size>
         <input_file_ref idref="fl-11"/>
      </object_component>
      <object_component id="oc-75d">
         <name>.text:OLED_ShowChar</name>
         <load_address>0x1371c</load_address>
         <run_address>0x1371c</run_address>
         <size>0x92</size>
         <input_file_ref idref="fl-6"/>
      </object_component>
      <object_component id="oc-671">
         <name>.text:OLED_ShowNum</name>
         <load_address>0x137ae</load_address>
         <run_address>0x137ae</run_address>
         <size>0x92</size>
         <input_file_ref idref="fl-6"/>
      </object_component>
      <object_component id="oc-489">
         <name>.text</name>
         <load_address>0x13840</load_address>
         <run_address>0x13840</run_address>
         <size>0x90</size>
         <input_file_ref idref="fl-6a"/>
      </object_component>
      <object_component id="oc-818">
         <name>.text:__mspabi_fltuld</name>
         <load_address>0x138d0</load_address>
         <run_address>0x138d0</run_address>
         <size>0x80</size>
         <input_file_ref idref="fl-9d"/>
      </object_component>
      <object_component id="oc-633">
         <name>.text:timer_init</name>
         <load_address>0x13950</load_address>
         <run_address>0x13950</run_address>
         <size>0x7a</size>
         <input_file_ref idref="fl-16"/>
      </object_component>
      <object_component id="oc-6d">
         <name>.text:decompress:lzss:__TI_decompress_lzss</name>
         <load_address>0x139ca</load_address>
         <run_address>0x139ca</run_address>
         <size>0x76</size>
         <input_file_ref idref="fl-92"/>
      </object_component>
      <object_component id="oc-4ec">
         <name>.text:run</name>
         <load_address>0x13a40</load_address>
         <run_address>0x13a40</run_address>
         <size>0x70</size>
         <input_file_ref idref="fl-2"/>
      </object_component>
      <object_component id="oc-81f">
         <name>.text:__mspabi_fixdul</name>
         <load_address>0x13ab0</load_address>
         <run_address>0x13ab0</run_address>
         <size>0x68</size>
         <input_file_ref idref="fl-99"/>
      </object_component>
      <object_component id="oc-4d0">
         <name>.text</name>
         <load_address>0x13b18</load_address>
         <run_address>0x13b18</run_address>
         <size>0x68</size>
         <input_file_ref idref="fl-6e"/>
      </object_component>
      <object_component id="oc-48e">
         <name>.text:__mspabi_cvtfd</name>
         <load_address>0x13b80</load_address>
         <run_address>0x13b80</run_address>
         <size>0x64</size>
         <input_file_ref idref="fl-96"/>
      </object_component>
      <object_component id="oc-502">
         <name>.text:light_get</name>
         <load_address>0x13be4</load_address>
         <run_address>0x13be4</run_address>
         <size>0x60</size>
         <input_file_ref idref="fl-4"/>
      </object_component>
      <object_component id="oc-6e2">
         <name>.text:__mpyll</name>
         <load_address>0x13c44</load_address>
         <run_address>0x13c44</run_address>
         <size>0x5c</size>
         <input_file_ref idref="fl-88"/>
      </object_component>
      <object_component id="oc-4f6">
         <name>.text:init</name>
         <load_address>0x13ca0</load_address>
         <run_address>0x13ca0</run_address>
         <size>0x5c</size>
         <input_file_ref idref="fl-c"/>
      </object_component>
      <object_component id="oc-4fc">
         <name>.text:key_switch</name>
         <load_address>0x13cfc</load_address>
         <run_address>0x13cfc</run_address>
         <size>0x58</size>
         <input_file_ref idref="fl-13"/>
      </object_component>
      <object_component id="oc-546">
         <name>.text:__TI_auto_init_nobinit_nopinit_hold_wdt:__TI_auto_init_nobinit_nopinit_hold_wdt</name>
         <load_address>0x13d54</load_address>
         <run_address>0x13d54</run_address>
         <size>0x54</size>
         <input_file_ref idref="fl-8a"/>
      </object_component>
      <object_component id="oc-424">
         <name>.text:Get_Speed</name>
         <load_address>0x13da8</load_address>
         <run_address>0x13da8</run_address>
         <size>0x4e</size>
         <input_file_ref idref="fl-10"/>
      </object_component>
      <object_component id="oc-7c9">
         <name>.text:I2C_SendByte</name>
         <load_address>0x13df6</load_address>
         <run_address>0x13df6</run_address>
         <size>0x4e</size>
         <input_file_ref idref="fl-11"/>
      </object_component>
      <object_component id="oc-7ad">
         <name>.text:Write_IIC_Data</name>
         <load_address>0x13e44</load_address>
         <run_address>0x13e44</run_address>
         <size>0x4c</size>
         <input_file_ref idref="fl-6"/>
      </object_component>
      <object_component id="oc-609">
         <name>.text:initClockTo16MHz</name>
         <load_address>0x13e90</load_address>
         <run_address>0x13e90</run_address>
         <size>0x4c</size>
         <input_file_ref idref="fl-c"/>
      </object_component>
      <object_component id="oc-7a7">
         <name>.text:Write_IIC_Command</name>
         <load_address>0x13edc</load_address>
         <run_address>0x13edc</run_address>
         <size>0x4a</size>
         <input_file_ref idref="fl-6"/>
      </object_component>
      <object_component id="oc-451">
         <name>.text:main</name>
         <load_address>0x13f26</load_address>
         <run_address>0x13f26</run_address>
         <size>0x4a</size>
         <input_file_ref idref="fl-14"/>
      </object_component>
      <object_component id="oc-5f3">
         <name>.text</name>
         <load_address>0x13f70</load_address>
         <run_address>0x13f70</run_address>
         <size>0x4a</size>
         <input_file_ref idref="fl-69"/>
      </object_component>
      <object_component id="oc-573">
         <name>.text:MPU_IIC_Read_Byte</name>
         <load_address>0x13fba</load_address>
         <run_address>0x13fba</run_address>
         <size>0x48</size>
         <input_file_ref idref="fl-11"/>
      </object_component>
      <object_component id="oc-567">
         <name>.text:MPU_IIC_Send_Byte</name>
         <load_address>0x14002</load_address>
         <run_address>0x14002</run_address>
         <size>0x46</size>
         <input_file_ref idref="fl-11"/>
      </object_component>
      <object_component id="oc-677">
         <name>.text</name>
         <load_address>0x14048</load_address>
         <run_address>0x14048</run_address>
         <size>0x46</size>
         <input_file_ref idref="fl-6f"/>
      </object_component>
      <object_component id="oc-62d">
         <name>.text:light_init</name>
         <load_address>0x1408e</load_address>
         <run_address>0x1408e</run_address>
         <size>0x44</size>
         <input_file_ref idref="fl-4"/>
      </object_component>
      <object_component id="oc-56d">
         <name>.text:MPU_IIC_Wait_Ack</name>
         <load_address>0x140d2</load_address>
         <run_address>0x140d2</run_address>
         <size>0x42</size>
         <input_file_ref idref="fl-11"/>
      </object_component>
      <object_component id="oc-639">
         <name>.text:motor_init</name>
         <load_address>0x14114</load_address>
         <run_address>0x14114</run_address>
         <size>0x42</size>
         <input_file_ref idref="fl-2"/>
      </object_component>
      <object_component id="oc-6c8">
         <name>.text:__mspabi_srall</name>
         <load_address>0x14156</load_address>
         <run_address>0x14156</run_address>
         <size>0x40</size>
         <input_file_ref idref="fl-aa"/>
      </object_component>
      <object_component id="oc-585">
         <name>.text:l_asr_const</name>
         <load_address>0x14196</load_address>
         <run_address>0x14196</run_address>
         <size>0x3e</size>
         <input_file_ref idref="fl-a8"/>
      </object_component>
      <object_component id="oc-5c4">
         <name>.text:l_lsl_const</name>
         <load_address>0x141d4</load_address>
         <run_address>0x141d4</run_address>
         <size>0x3e</size>
         <input_file_ref idref="fl-80"/>
      </object_component>
      <object_component id="oc-6f8">
         <name>.text:l_lsr_const</name>
         <load_address>0x14212</load_address>
         <run_address>0x14212</run_address>
         <size>0x3e</size>
         <input_file_ref idref="fl-81"/>
      </object_component>
      <object_component id="oc-61b">
         <name>.text:OLED_Clear</name>
         <load_address>0x14250</load_address>
         <run_address>0x14250</run_address>
         <size>0x3c</size>
         <input_file_ref idref="fl-6"/>
      </object_component>
      <object_component id="oc-82c">
         <name>.text:I2C_RecvACK</name>
         <load_address>0x1428c</load_address>
         <run_address>0x1428c</run_address>
         <size>0x3a</size>
         <input_file_ref idref="fl-11"/>
      </object_component>
      <object_component id="oc-6ce">
         <name>.text:__mspabi_sllll</name>
         <load_address>0x142c6</load_address>
         <run_address>0x142c6</run_address>
         <size>0x3a</size>
         <input_file_ref idref="fl-ab"/>
      </object_component>
      <object_component id="oc-6ec">
         <name>.text:__mspabi_srlll</name>
         <load_address>0x14300</load_address>
         <run_address>0x14300</run_address>
         <size>0x3a</size>
         <input_file_ref idref="fl-8e"/>
      </object_component>
      <object_component id="oc-63f">
         <name>.text:InitMPU6050</name>
         <load_address>0x1433a</load_address>
         <run_address>0x1433a</run_address>
         <size>0x38</size>
         <input_file_ref idref="fl-11"/>
      </object_component>
      <object_component id="oc-478">
         <name>.text:MPU_Read_Byte</name>
         <load_address>0x14372</load_address>
         <run_address>0x14372</run_address>
         <size>0x38</size>
         <input_file_ref idref="fl-11"/>
      </object_component>
      <object_component id="oc-7cf">
         <name>.text:I2C_Stop</name>
         <load_address>0x143aa</load_address>
         <run_address>0x143aa</run_address>
         <size>0x36</size>
         <input_file_ref idref="fl-11"/>
      </object_component>
      <object_component id="oc-66b">
         <name>.text:OLED_ShowString</name>
         <load_address>0x143e0</load_address>
         <run_address>0x143e0</run_address>
         <size>0x36</size>
         <input_file_ref idref="fl-6"/>
      </object_component>
      <object_component id="oc-4ac">
         <name>.text</name>
         <load_address>0x14416</load_address>
         <run_address>0x14416</run_address>
         <size>0x36</size>
         <input_file_ref idref="fl-6b"/>
      </object_component>
      <object_component id="oc-810">
         <name>.text:Write_IIC_Byte</name>
         <load_address>0x1444c</load_address>
         <run_address>0x1444c</run_address>
         <size>0x34</size>
         <input_file_ref idref="fl-6"/>
      </object_component>
      <object_component id="oc-7c3">
         <name>.text:I2C_Start</name>
         <load_address>0x14480</load_address>
         <run_address>0x14480</run_address>
         <size>0x32</size>
         <input_file_ref idref="fl-11"/>
      </object_component>
      <object_component id="oc-59f">
         <name>.text:__mspabi_subd</name>
         <load_address>0x144b2</load_address>
         <run_address>0x144b2</run_address>
         <size>0x32</size>
         <input_file_ref idref="fl-a1"/>
      </object_component>
      <object_component id="oc-603">
         <name>.text:increaseVCoreToLevel2</name>
         <load_address>0x144e4</load_address>
         <run_address>0x144e4</run_address>
         <size>0x30</size>
         <input_file_ref idref="fl-c"/>
      </object_component>
      <object_component id="oc-6bc">
         <name>.text:MPU_IIC_Ack</name>
         <load_address>0x14514</load_address>
         <run_address>0x14514</run_address>
         <size>0x2e</size>
         <input_file_ref idref="fl-11"/>
      </object_component>
      <object_component id="oc-6b6">
         <name>.text:MPU_IIC_NAck</name>
         <load_address>0x14542</load_address>
         <run_address>0x14542</run_address>
         <size>0x2e</size>
         <input_file_ref idref="fl-11"/>
      </object_component>
      <object_component id="oc-561">
         <name>.text:MPU_IIC_Start</name>
         <load_address>0x14570</load_address>
         <run_address>0x14570</run_address>
         <size>0x2e</size>
         <input_file_ref idref="fl-11"/>
      </object_component>
      <object_component id="oc-579">
         <name>.text:MPU_IIC_Stop</name>
         <load_address>0x1459e</load_address>
         <run_address>0x1459e</run_address>
         <size>0x2e</size>
         <input_file_ref idref="fl-11"/>
      </object_component>
      <object_component id="oc-599">
         <name>.text:__mspabi_negd</name>
         <load_address>0x145cc</load_address>
         <run_address>0x145cc</run_address>
         <size>0x2e</size>
         <input_file_ref idref="fl-a0"/>
      </object_component>
      <object_component id="oc-627">
         <name>.text:encoder_init</name>
         <load_address>0x145fa</load_address>
         <run_address>0x145fa</run_address>
         <size>0x2e</size>
         <input_file_ref idref="fl-10"/>
      </object_component>
      <object_component id="oc-6e7">
         <name>.text:__mpyull</name>
         <load_address>0x14628</load_address>
         <run_address>0x14628</run_address>
         <size>0x2c</size>
         <input_file_ref idref="fl-87"/>
      </object_component>
      <object_component id="oc-7f3">
         <name>.text:OLED_Set_Pos</name>
         <load_address>0x14654</load_address>
         <run_address>0x14654</run_address>
         <size>0x28</size>
         <input_file_ref idref="fl-6"/>
      </object_component>
      <object_component id="oc-5ea">
         <name>.text:Fabs</name>
         <load_address>0x1467c</load_address>
         <run_address>0x1467c</run_address>
         <size>0x26</size>
         <input_file_ref idref="fl-8"/>
      </object_component>
      <object_component id="oc-743">
         <name>.text:Single_WriteI2C</name>
         <load_address>0x146a2</load_address>
         <run_address>0x146a2</run_address>
         <size>0x26</size>
         <input_file_ref idref="fl-11"/>
      </object_component>
      <object_component id="oc-3c2">
         <name>.text:decompress:ZI:__TI_zero_init_nomemset:__TI_zero_init_nomemset</name>
         <load_address>0x146c8</load_address>
         <run_address>0x146c8</run_address>
         <size>0x24</size>
         <input_file_ref idref="fl-8b"/>
      </object_component>
      <object_component id="oc-715">
         <name>.text</name>
         <load_address>0x146ec</load_address>
         <run_address>0x146ec</run_address>
         <size>0x24</size>
         <input_file_ref idref="fl-70"/>
      </object_component>
      <object_component id="oc-6fd">
         <name>.text</name>
         <load_address>0x14710</load_address>
         <run_address>0x14710</run_address>
         <size>0x24</size>
         <input_file_ref idref="fl-86"/>
      </object_component>
      <object_component id="oc-518">
         <name>.text:light_clear</name>
         <load_address>0x14734</load_address>
         <run_address>0x14734</run_address>
         <size>0x1e</size>
         <input_file_ref idref="fl-4"/>
      </object_component>
      <object_component id="oc-621">
         <name>.text:button_init</name>
         <load_address>0x14752</load_address>
         <run_address>0x14752</run_address>
         <size>0x1a</size>
         <input_file_ref idref="fl-d"/>
      </object_component>
      <object_component id="oc-662">
         <name>.text</name>
         <load_address>0x1476c</load_address>
         <run_address>0x1476c</run_address>
         <size>0x18</size>
         <input_file_ref idref="fl-83"/>
      </object_component>
      <object_component id="oc-7e2">
         <name>.text:memset</name>
         <load_address>0x14784</load_address>
         <run_address>0x14784</run_address>
         <size>0x16</size>
         <input_file_ref idref="fl-a6"/>
      </object_component>
      <object_component id="oc-71a">
         <name>.text</name>
         <load_address>0x1479a</load_address>
         <run_address>0x1479a</run_address>
         <size>0x16</size>
         <input_file_ref idref="fl-65"/>
      </object_component>
      <object_component id="oc-37a">
         <name>.text:memcpy</name>
         <load_address>0x147b0</load_address>
         <run_address>0x147b0</run_address>
         <size>0x14</size>
         <input_file_ref idref="fl-a5"/>
      </object_component>
      <object_component id="oc-7bc">
         <name>.text:__mspabi_fixdu</name>
         <load_address>0x147c4</load_address>
         <run_address>0x147c4</run_address>
         <size>0x12</size>
         <input_file_ref idref="fl-98"/>
      </object_component>
      <object_component id="oc-73">
         <name>.text:decompress:none:__TI_decompress_none</name>
         <load_address>0x147d6</load_address>
         <run_address>0x147d6</run_address>
         <size>0x12</size>
         <input_file_ref idref="fl-91"/>
      </object_component>
      <object_component id="oc-72f">
         <name>.text:OLED_WR_Byte</name>
         <load_address>0x147e8</load_address>
         <run_address>0x147e8</run_address>
         <size>0x10</size>
         <input_file_ref idref="fl-6"/>
      </object_component>
      <object_component id="oc-710">
         <name>.text:l_lsr</name>
         <load_address>0x147f8</load_address>
         <run_address>0x147f8</run_address>
         <size>0x10</size>
         <input_file_ref idref="fl-81"/>
      </object_component>
      <object_component id="oc-436">
         <name>.text:EncoderCount</name>
         <load_address>0x14808</load_address>
         <run_address>0x14808</run_address>
         <size>0xe</size>
         <input_file_ref idref="fl-10"/>
      </object_component>
      <object_component id="oc-65c">
         <name>.text:abs</name>
         <load_address>0x14816</load_address>
         <run_address>0x14816</run_address>
         <size>0xa</size>
         <input_file_ref idref="fl-a7"/>
      </object_component>
      <object_component id="oc-4e7">
         <name>.text</name>
         <load_address>0x14820</load_address>
         <run_address>0x14820</run_address>
         <size>0xa</size>
         <input_file_ref idref="fl-6d"/>
      </object_component>
      <object_component id="oc-827">
         <name>.text</name>
         <load_address>0x1482a</load_address>
         <run_address>0x1482a</run_address>
         <size>0xa</size>
         <input_file_ref idref="fl-7f"/>
      </object_component>
      <object_component id="oc-7b6">
         <name>.text:__mspabi_fltud</name>
         <load_address>0x14834</load_address>
         <run_address>0x14834</run_address>
         <size>0x6</size>
         <input_file_ref idref="fl-9c"/>
      </object_component>
      <object_component id="oc-522">
         <name>.text:abort</name>
         <load_address>0x1483a</load_address>
         <run_address>0x1483a</run_address>
         <size>0x6</size>
         <input_file_ref idref="fl-a2"/>
      </object_component>
      <object_component id="oc-44b">
         <name>.text:_system_pre_init</name>
         <load_address>0x14840</load_address>
         <run_address>0x14840</run_address>
         <size>0x4</size>
         <input_file_ref idref="fl-8f"/>
      </object_component>
      <object_component id="oc-692">
         <name>.text:_system_post_cinit</name>
         <load_address>0x14844</load_address>
         <run_address>0x14844</run_address>
         <size>0x2</size>
         <input_file_ref idref="fl-90"/>
      </object_component>
      <object_component id="oc-60f">
         <name>.text:delay</name>
         <load_address>0x14846</load_address>
         <run_address>0x14846</run_address>
         <size>0x2</size>
         <input_file_ref idref="fl-e"/>
      </object_component>
      <object_component id="oc-3d4">
         <name>.text:_isr:_c_int00_noargs</name>
         <load_address>0x4400</load_address>
         <run_address>0x4400</run_address>
         <size>0x1c</size>
         <input_file_ref idref="fl-89"/>
      </object_component>
      <object_component id="oc-38c">
         <name>.text:_isr:TIMER2_A1_ISR</name>
         <load_address>0x441c</load_address>
         <run_address>0x441c</run_address>
         <size>0x1a</size>
         <input_file_ref idref="fl-10"/>
      </object_component>
      <object_component id="oc-3a4">
         <name>.text:_isr:TIMER0_A1_ISR</name>
         <load_address>0x4436</load_address>
         <run_address>0x4436</run_address>
         <size>0x18</size>
         <input_file_ref idref="fl-10"/>
      </object_component>
      <object_component id="oc-3bc">
         <name>.text:_isr:TIMER0_B0</name>
         <load_address>0x444e</load_address>
         <run_address>0x444e</run_address>
         <size>0x18</size>
         <input_file_ref idref="fl-16"/>
      </object_component>
      <object_component id="oc-3b0">
         <name>.text:_isr:ADC12_ISR</name>
         <load_address>0x4466</load_address>
         <run_address>0x4466</run_address>
         <size>0x16</size>
         <input_file_ref idref="fl-b"/>
      </object_component>
      <object_component id="oc-3b6">
         <name>.text:_isr:USCI_A0_ISR</name>
         <load_address>0x447c</load_address>
         <run_address>0x447c</run_address>
         <size>0x14</size>
         <input_file_ref idref="fl-17"/>
      </object_component>
      <object_component id="oc-398">
         <name>.text:_isr:USCI_A1_ISR</name>
         <load_address>0x4490</load_address>
         <run_address>0x4490</run_address>
         <size>0xe</size>
         <input_file_ref idref="fl-17"/>
      </object_component>
      <object_component id="oc-39e">
         <name>.text:_isr:TIMER1_A0</name>
         <load_address>0x449e</load_address>
         <run_address>0x449e</run_address>
         <size>0xa</size>
         <input_file_ref idref="fl-16"/>
      </object_component>
      <object_component id="oc-387">
         <name>.text:_isr:__TI_ISR_TRAP</name>
         <load_address>0x44a8</load_address>
         <run_address>0x44a8</run_address>
         <size>0x8</size>
         <input_file_ref idref="fl-7e"/>
      </object_component>
      <object_component id="oc-3aa">
         <name>.text:_isr:TIMER0_A0</name>
         <load_address>0x44b0</load_address>
         <run_address>0x44b0</run_address>
         <size>0x6</size>
         <input_file_ref idref="fl-16"/>
      </object_component>
      <object_component id="oc-392">
         <name>.text:_isr:TIMER2_A0</name>
         <load_address>0x44b6</load_address>
         <run_address>0x44b6</run_address>
         <size>0x6</size>
         <input_file_ref idref="fl-16"/>
      </object_component>
      <object_component id="oc-8c5">
         <name>.cinit..data.load</name>
         <load_address>0x4eda</load_address>
         <run_address>0x4eda</run_address>
         <size>0x5f</size>
      </object_component>
      <object_component id="oc-8c2">
         <name>__TI_handler_table</name>
         <load_address>0x4f3a</load_address>
         <run_address>0x4f3a</run_address>
         <size>0xc</size>
      </object_component>
      <object_component id="oc-8c4">
         <name>.cinit..bss.load</name>
         <load_address>0x4f46</load_address>
         <run_address>0x4f46</run_address>
         <size>0x6</size>
      </object_component>
      <object_component id="oc-8c3">
         <name>__TI_cinit_table</name>
         <load_address>0x4f4c</load_address>
         <run_address>0x4f4c</run_address>
         <size>0x10</size>
      </object_component>
      <object_component id="oc-7fc">
         <name>.const:.string:F8X16</name>
         <load_address>0x44bc</load_address>
         <run_address>0x44bc</run_address>
         <size>0x5f0</size>
         <input_file_ref idref="fl-6"/>
      </object_component>
      <object_component id="oc-7f9">
         <name>.const:F6x8</name>
         <load_address>0x4aac</load_address>
         <run_address>0x4aac</run_address>
         <size>0x228</size>
         <input_file_ref idref="fl-6"/>
      </object_component>
      <object_component id="oc-7d6">
         <name>.const:$P$T0$3</name>
         <load_address>0x4cd4</load_address>
         <run_address>0x4cd4</run_address>
         <size>0x62</size>
         <input_file_ref idref="fl-7"/>
      </object_component>
      <object_component id="oc-5ab">
         <name>.const:aT</name>
         <load_address>0x4d36</load_address>
         <run_address>0x4d36</run_address>
         <size>0x58</size>
         <input_file_ref idref="fl-63"/>
      </object_component>
      <object_component id="oc-70e">
         <name>.const:msp430_expHighRes</name>
         <load_address>0x4d8e</load_address>
         <run_address>0x4d8e</run_address>
         <size>0x40</size>
         <input_file_ref idref="fl-4d"/>
      </object_component>
      <object_component id="oc-70c">
         <name>.const:msp430_expLowRes</name>
         <load_address>0x4dce</load_address>
         <run_address>0x4dce</run_address>
         <size>0x40</size>
         <input_file_ref idref="fl-4d"/>
      </object_component>
      <object_component id="oc-70b">
         <name>.const:msp430_exp_coeffs</name>
         <load_address>0x4e0e</load_address>
         <run_address>0x4e0e</run_address>
         <size>0x28</size>
         <input_file_ref idref="fl-4d"/>
      </object_component>
      <object_component id="oc-590">
         <name>.const:atanhi</name>
         <load_address>0x4e36</load_address>
         <run_address>0x4e36</run_address>
         <size>0x20</size>
         <input_file_ref idref="fl-63"/>
      </object_component>
      <object_component id="oc-5ae">
         <name>.const:atanlo</name>
         <load_address>0x4e56</load_address>
         <run_address>0x4e56</run_address>
         <size>0x20</size>
         <input_file_ref idref="fl-63"/>
      </object_component>
      <object_component id="oc-70f">
         <name>.const:msp430_expHighExp</name>
         <load_address>0x4e76</load_address>
         <run_address>0x4e76</run_address>
         <size>0x20</size>
         <input_file_ref idref="fl-4d"/>
      </object_component>
      <object_component id="oc-70d">
         <name>.const:msp430_expLowExp</name>
         <load_address>0x4e96</load_address>
         <run_address>0x4e96</run_address>
         <size>0x20</size>
         <input_file_ref idref="fl-4d"/>
      </object_component>
      <object_component id="oc-7df">
         <name>.const:$P$T3$6</name>
         <load_address>0x4eb6</load_address>
         <run_address>0x4eb6</run_address>
         <size>0x10</size>
         <input_file_ref idref="fl-7"/>
      </object_component>
      <object_component id="oc-7d9">
         <name>.const:$P$T1$4</name>
         <load_address>0x4ec6</load_address>
         <run_address>0x4ec6</run_address>
         <size>0x8</size>
         <input_file_ref idref="fl-7"/>
      </object_component>
      <object_component id="oc-7dc">
         <name>.const:$P$T2$5</name>
         <load_address>0x4ece</load_address>
         <run_address>0x4ece</run_address>
         <size>0x8</size>
         <input_file_ref idref="fl-7"/>
      </object_component>
      <object_component id="oc-66a">
         <name>.const:.string</name>
         <load_address>0x4ed6</load_address>
         <run_address>0x4ed6</run_address>
         <size>0x4</size>
         <input_file_ref idref="fl-11"/>
      </object_component>
      <object_component id="oc-854">
         <name>.binit</name>
         <load_address>0x4400</load_address>
         <run_address>0x4400</run_address>
         <size>0x0</size>
      </object_component>
      <object_component id="oc-79">
         <name>.int41</name>
         <load_address>0xffd2</load_address>
         <run_address>0xffd2</run_address>
         <size>0x2</size>
         <input_file_ref idref="fl-71"/>
      </object_component>
      <object_component id="oc-7a">
         <name>.int42</name>
         <load_address>0xffd4</load_address>
         <run_address>0xffd4</run_address>
         <size>0x2</size>
         <input_file_ref idref="fl-72"/>
      </object_component>
      <object_component id="oc-7b">
         <name>.int43</name>
         <load_address>0xffd6</load_address>
         <run_address>0xffd6</run_address>
         <size>0x2</size>
         <input_file_ref idref="fl-10"/>
      </object_component>
      <object_component id="oc-7c">
         <name>.int44</name>
         <load_address>0xffd8</load_address>
         <run_address>0xffd8</run_address>
         <size>0x2</size>
         <input_file_ref idref="fl-16"/>
      </object_component>
      <object_component id="oc-7d">
         <name>.int45</name>
         <load_address>0xffda</load_address>
         <run_address>0xffda</run_address>
         <size>0x2</size>
         <input_file_ref idref="fl-73"/>
      </object_component>
      <object_component id="oc-7e">
         <name>.int46</name>
         <load_address>0xffdc</load_address>
         <run_address>0xffdc</run_address>
         <size>0x2</size>
         <input_file_ref idref="fl-17"/>
      </object_component>
      <object_component id="oc-7f">
         <name>.int47</name>
         <load_address>0xffde</load_address>
         <run_address>0xffde</run_address>
         <size>0x2</size>
         <input_file_ref idref="fl-74"/>
      </object_component>
      <object_component id="oc-80">
         <name>.int48</name>
         <load_address>0xffe0</load_address>
         <run_address>0xffe0</run_address>
         <size>0x2</size>
         <input_file_ref idref="fl-75"/>
      </object_component>
      <object_component id="oc-81">
         <name>.int49</name>
         <load_address>0xffe2</load_address>
         <run_address>0xffe2</run_address>
         <size>0x2</size>
         <input_file_ref idref="fl-16"/>
      </object_component>
      <object_component id="oc-82">
         <name>.int50</name>
         <load_address>0xffe4</load_address>
         <run_address>0xffe4</run_address>
         <size>0x2</size>
         <input_file_ref idref="fl-76"/>
      </object_component>
      <object_component id="oc-83">
         <name>.int51</name>
         <load_address>0xffe6</load_address>
         <run_address>0xffe6</run_address>
         <size>0x2</size>
         <input_file_ref idref="fl-77"/>
      </object_component>
      <object_component id="oc-84">
         <name>.int52</name>
         <load_address>0xffe8</load_address>
         <run_address>0xffe8</run_address>
         <size>0x2</size>
         <input_file_ref idref="fl-10"/>
      </object_component>
      <object_component id="oc-85">
         <name>.int53</name>
         <load_address>0xffea</load_address>
         <run_address>0xffea</run_address>
         <size>0x2</size>
         <input_file_ref idref="fl-16"/>
      </object_component>
      <object_component id="oc-86">
         <name>.int54</name>
         <load_address>0xffec</load_address>
         <run_address>0xffec</run_address>
         <size>0x2</size>
         <input_file_ref idref="fl-b"/>
      </object_component>
      <object_component id="oc-87">
         <name>.int55</name>
         <load_address>0xffee</load_address>
         <run_address>0xffee</run_address>
         <size>0x2</size>
         <input_file_ref idref="fl-78"/>
      </object_component>
      <object_component id="oc-88">
         <name>.int56</name>
         <load_address>0xfff0</load_address>
         <run_address>0xfff0</run_address>
         <size>0x2</size>
         <input_file_ref idref="fl-17"/>
      </object_component>
      <object_component id="oc-89">
         <name>.int57</name>
         <load_address>0xfff2</load_address>
         <run_address>0xfff2</run_address>
         <size>0x2</size>
         <input_file_ref idref="fl-79"/>
      </object_component>
      <object_component id="oc-8a">
         <name>.int58</name>
         <load_address>0xfff4</load_address>
         <run_address>0xfff4</run_address>
         <size>0x2</size>
         <input_file_ref idref="fl-7a"/>
      </object_component>
      <object_component id="oc-8b">
         <name>.int59</name>
         <load_address>0xfff6</load_address>
         <run_address>0xfff6</run_address>
         <size>0x2</size>
         <input_file_ref idref="fl-16"/>
      </object_component>
      <object_component id="oc-8c">
         <name>.int60</name>
         <load_address>0xfff8</load_address>
         <run_address>0xfff8</run_address>
         <size>0x2</size>
         <input_file_ref idref="fl-7b"/>
      </object_component>
      <object_component id="oc-8d">
         <name>.int61</name>
         <load_address>0xfffa</load_address>
         <run_address>0xfffa</run_address>
         <size>0x2</size>
         <input_file_ref idref="fl-7c"/>
      </object_component>
      <object_component id="oc-8e">
         <name>.int62</name>
         <load_address>0xfffc</load_address>
         <run_address>0xfffc</run_address>
         <size>0x2</size>
         <input_file_ref idref="fl-7d"/>
      </object_component>
      <object_component id="oc-36e">
         <name>.reset</name>
         <load_address>0xfffe</load_address>
         <run_address>0xfffe</run_address>
         <size>0x2</size>
         <input_file_ref idref="fl-89"/>
      </object_component>
      <object_component id="oc-4c9">
         <name>.debug_info</name>
         <load_address>0x0</load_address>
         <run_address>0x0</run_address>
         <size>0x305</size>
         <input_file_ref idref="fl-2"/>
      </object_component>
      <object_component id="oc-5f1">
         <name>.debug_info</name>
         <load_address>0x305</load_address>
         <run_address>0x305</run_address>
         <size>0xe7</size>
         <input_file_ref idref="fl-2"/>
      </object_component>
      <object_component id="oc-4ee">
         <name>.debug_info</name>
         <load_address>0x3ec</load_address>
         <run_address>0x3ec</run_address>
         <size>0x17e</size>
         <input_file_ref idref="fl-2"/>
      </object_component>
      <object_component id="oc-63b">
         <name>.debug_info</name>
         <load_address>0x56a</load_address>
         <run_address>0x56a</run_address>
         <size>0x187</size>
         <input_file_ref idref="fl-2"/>
      </object_component>
      <object_component id="oc-4e2">
         <name>.debug_info</name>
         <load_address>0x6f1</load_address>
         <run_address>0x6f1</run_address>
         <size>0x411</size>
         <input_file_ref idref="fl-2"/>
      </object_component>
[...]
         <object_component_ref idref="oc-8b"/>
      </symbol>
      <symbol id="sm-725">
         <name>__TI_int53</name>
         <value>0xffea</value>
         <object_component_ref idref="oc-85"/>
      </symbol>
      <symbol id="sm-726">
         <name>timer_init</name>
         <value>0x13950</value>
         <object_component_ref idref="oc-633"/>
      </symbol>
      <symbol id="sm-727">
         <name>TIMER2_A0</name>
         <value>0x44b6</value>
         <object_component_ref idref="oc-392"/>
      </symbol>
      <symbol id="sm-728">
         <name>TIMER1_A0</name>
         <value>0x449e</value>
         <object_component_ref idref="oc-39e"/>
      </symbol>
      <symbol id="sm-741">
         <name>Data_USCI_A0</name>
         <value>0x25ac</value>
      </symbol>
      <symbol id="sm-742">
         <name>__TI_int46</name>
         <value>0xffdc</value>
         <object_component_ref idref="oc-7e"/>
      </symbol>
      <symbol id="sm-743">
         <name>__TI_int56</name>
         <value>0xfff0</value>
         <object_component_ref idref="oc-88"/>
      </symbol>
      <symbol id="sm-744">
         <name>USCI_A0_ISR</name>
         <value>0x447c</value>
         <object_component_ref idref="oc-3b6"/>
      </symbol>
      <symbol id="sm-745">
         <name>USCI_A1_ISR</name>
         <value>0x4490</value>
         <object_component_ref idref="oc-398"/>
      </symbol>
      <symbol id="sm-7ae">
         <name>expf</name>
         <value>0x10e90</value>
         <object_component_ref idref="oc-5f8"/>
      </symbol>
      <symbol id="sm-7b5">
         <name>msp430_expHighExp</name>
         <value>0x4e76</value>
         <object_component_ref idref="oc-70f"/>
      </symbol>
      <symbol id="sm-7b6">
         <name>msp430_expLowExp</name>
         <value>0x4e96</value>
         <object_component_ref idref="oc-70d"/>
      </symbol>
      <symbol id="sm-7b7">
         <name>msp430_expHighRes</name>
         <value>0x4d8e</value>
         <object_component_ref idref="oc-70e"/>
      </symbol>
      <symbol id="sm-7b8">
         <name>msp430_expLowRes</name>
         <value>0x4dce</value>
         <object_component_ref idref="oc-70c"/>
      </symbol>
      <symbol id="sm-7b9">
         <name>msp430_exp_coeffs</name>
         <value>0x4e0e</value>
         <object_component_ref idref="oc-70b"/>
      </symbol>
      <symbol id="sm-808">
         <name>atanl</name>
         <value>0x118b0</value>
         <object_component_ref idref="oc-494"/>
      </symbol>
      <symbol id="sm-809">
         <name>atan</name>
         <value>0x118b0</value>
         <object_component_ref idref="oc-494"/>
      </symbol>
      <symbol id="sm-814">
         <name>__mspabi_remu</name>
         <value>0x1479a</value>
         <object_component_ref idref="oc-71a"/>
      </symbol>
      <symbol id="sm-815">
         <name>__mspabi_divu</name>
         <value>0x1479a</value>
         <object_component_ref idref="oc-71a"/>
      </symbol>
      <symbol id="sm-832">
         <name>__mspabi_subf</name>
         <value>0x12e42</value>
         <object_component_ref idref="oc-4cb"/>
      </symbol>
      <symbol id="sm-833">
         <name>__mspabi_addf</name>
         <value>0x12e48</value>
         <object_component_ref idref="oc-4cb"/>
      </symbol>
      <symbol id="sm-843">
         <name>__mspabi_cmpf</name>
         <value>0x13f70</value>
         <object_component_ref idref="oc-5f3"/>
      </symbol>
      <symbol id="sm-855">
         <name>__mspabi_divf</name>
         <value>0x13840</value>
         <object_component_ref idref="oc-489"/>
      </symbol>
      <symbol id="sm-862">
         <name>__mspabi_fltif</name>
         <value>0x14416</value>
         <object_component_ref idref="oc-4ac"/>
      </symbol>
      <symbol id="sm-879">
         <name>__mspabi_mpyf</name>
         <value>0x133c0</value>
         <object_component_ref idref="oc-4b9"/>
      </symbol>
      <symbol id="sm-882">
         <name>__mspabi_negf</name>
         <value>0x14820</value>
         <object_component_ref idref="oc-4e7"/>
      </symbol>
      <symbol id="sm-894">
         <name>__mspabi_fixfi</name>
         <value>0x13b18</value>
         <object_component_ref idref="oc-4d0"/>
      </symbol>
      <symbol id="sm-8a3">
         <name>__mspabi_fixfu</name>
         <value>0x14048</value>
         <object_component_ref idref="oc-677"/>
      </symbol>
      <symbol id="sm-8ae">
         <name>__mspabi_fltuf</name>
         <value>0x146ec</value>
         <object_component_ref idref="oc-715"/>
      </symbol>
      <symbol id="sm-8b1">
         <name>__TI_int41</name>
         <value>0xffd2</value>
         <object_component_ref idref="oc-79"/>
      </symbol>
      <symbol id="sm-8b4">
         <name>__TI_int42</name>
         <value>0xffd4</value>
         <object_component_ref idref="oc-7a"/>
      </symbol>
      <symbol id="sm-8b7">
         <name>__TI_int45</name>
         <value>0xffda</value>
         <object_component_ref idref="oc-7d"/>
      </symbol>
      <symbol id="sm-8ba">
         <name>__TI_int47</name>
         <value>0xffde</value>
         <object_component_ref idref="oc-7f"/>
      </symbol>
      <symbol id="sm-8bd">
         <name>__TI_int48</name>
         <value>0xffe0</value>
         <object_component_ref idref="oc-80"/>
      </symbol>
      <symbol id="sm-8c0">
         <name>__TI_int50</name>
         <value>0xffe4</value>
         <object_component_ref idref="oc-82"/>
      </symbol>
      <symbol id="sm-8c3">
         <name>__TI_int51</name>
         <value>0xffe6</value>
         <object_component_ref idref="oc-83"/>
      </symbol>
      <symbol id="sm-8c6">
         <name>__TI_int55</name>
         <value>0xffee</value>
         <object_component_ref idref="oc-87"/>
      </symbol>
      <symbol id="sm-8c9">
         <name>__TI_int57</name>
         <value>0xfff2</value>
         <object_component_ref idref="oc-89"/>
      </symbol>
      <symbol id="sm-8cc">
         <name>__TI_int58</name>
         <value>0xfff4</value>
         <object_component_ref idref="oc-8a"/>
      </symbol>
      <symbol id="sm-8cf">
         <name>__TI_int60</name>
         <value>0xfff8</value>
         <object_component_ref idref="oc-8c"/>
      </symbol>
      <symbol id="sm-8d2">
         <name>__TI_int61</name>
         <value>0xfffa</value>
         <object_component_ref idref="oc-8d"/>
      </symbol>
      <symbol id="sm-8d5">
         <name>__TI_int62</name>
         <value>0xfffc</value>
         <object_component_ref idref="oc-8e"/>
      </symbol>
      <symbol id="sm-8dd">
         <name>__TI_ISR_TRAP</name>
         <value>0x44a8</value>
         <object_component_ref idref="oc-387"/>
      </symbol>
      <symbol id="sm-8e6">
         <name>__mspabi_slli</name>
         <value>0x1482a</value>
         <object_component_ref idref="oc-827"/>
      </symbol>
      <symbol id="sm-8ee">
         <name>__mspabi_slll_9</name>
         <value>0x141ec</value>
         <object_component_ref idref="oc-5c4"/>
      </symbol>
      <symbol id="sm-8ef">
         <name>__mspabi_slll_8</name>
         <value>0x141f0</value>
         <object_component_ref idref="oc-5c4"/>
      </symbol>
      <symbol id="sm-8f0">
         <name>__mspabi_slll_7</name>
         <value>0x141f4</value>
         <object_component_ref idref="oc-5c4"/>
      </symbol>
      <symbol id="sm-8f1">
         <name>__mspabi_slll_6</name>
         <value>0x141f8</value>
         <object_component_ref idref="oc-5c4"/>
      </symbol>
      <symbol id="sm-8f2">
         <name>__mspabi_slll_5</name>
         <value>0x141fc</value>
         <object_component_ref idref="oc-5c4"/>
      </symbol>
      <symbol id="sm-8f3">
         <name>__mspabi_slll_4</name>
         <value>0x14200</value>
         <object_component_ref idref="oc-5c4"/>
      </symbol>
      <symbol id="sm-8f4">
         <name>__mspabi_slll_3</name>
         <value>0x14204</value>
         <object_component_ref idref="oc-5c4"/>
      </symbol>
      <symbol id="sm-8f5">
         <name>__mspabi_slll_2</name>
         <value>0x14208</value>
         <object_component_ref idref="oc-5c4"/>
      </symbol>
      <symbol id="sm-8f6">
         <name>__mspabi_slll_1</name>
         <value>0x1420c</value>
         <object_component_ref idref="oc-5c4"/>
      </symbol>
      <symbol id="sm-8f7">
         <name>__mspabi_slll_15</name>
         <value>0x141d4</value>
         <object_component_ref idref="oc-5c4"/>
      </symbol>
      <symbol id="sm-8f8">
         <name>__mspabi_slll_14</name>
         <value>0x141d8</value>
         <object_component_ref idref="oc-5c4"/>
      </symbol>
      <symbol id="sm-8f9">
         <name>__mspabi_slll_13</name>
         <value>0x141dc</value>
         <object_component_ref idref="oc-5c4"/>
      </symbol>
      <symbol id="sm-8fa">
         <name>__mspabi_slll_12</name>
         <value>0x141e0</value>
         <object_component_ref idref="oc-5c4"/>
      </symbol>
      <symbol id="sm-8fb">
         <name>__mspabi_slll_11</name>
         <value>0x141e4</value>
         <object_component_ref idref="oc-5c4"/>
      </symbol>
      <symbol id="sm-8fc">
         <name>__mspabi_slll_10</name>
         <value>0x141e8</value>
         <object_component_ref idref="oc-5c4"/>
      </symbol>
      <symbol id="sm-90c">
         <name>__mspabi_srll_8</name>
         <value>0x1422e</value>
         <object_component_ref idref="oc-6f8"/>
      </symbol>
      <symbol id="sm-90d">
         <name>__mspabi_srll_9</name>
         <value>0x1422a</value>
         <object_component_ref idref="oc-6f8"/>
      </symbol>
      <symbol id="sm-90e">
         <name>__mspabi_srll_6</name>
         <value>0x14236</value>
         <object_component_ref idref="oc-6f8"/>
      </symbol>
      <symbol id="sm-90f">
         <name>__mspabi_srll_7</name>
         <value>0x14232</value>
         <object_component_ref idref="oc-6f8"/>
      </symbol>
      <symbol id="sm-910">
         <name>__mspabi_srll_4</name>
         <value>0x1423e</value>
         <object_component_ref idref="oc-6f8"/>
      </symbol>
      <symbol id="sm-911">
         <name>__mspabi_srll_5</name>
         <value>0x1423a</value>
         <object_component_ref idref="oc-6f8"/>
      </symbol>
      <symbol id="sm-912">
         <name>__mspabi_srll_2</name>
         <value>0x14246</value>
         <object_component_ref idref="oc-6f8"/>
      </symbol>
      <symbol id="sm-913">
         <name>__mspabi_srll_3</name>
         <value>0x14242</value>
         <object_component_ref idref="oc-6f8"/>
      </symbol>
      <symbol id="sm-914">
         <name>__mspabi_srll_1</name>
         <value>0x1424a</value>
         <object_component_ref idref="oc-6f8"/>
      </symbol>
      <symbol id="sm-915">
         <name>__mspabi_srll_15</name>
         <value>0x14212</value>
         <object_component_ref idref="oc-6f8"/>
      </symbol>
      <symbol id="sm-916">
         <name>__mspabi_srll_14</name>
         <value>0x14216</value>
         <object_component_ref idref="oc-6f8"/>
      </symbol>
      <symbol id="sm-917">
         <name>__mspabi_srll_13</name>
         <value>0x1421a</value>
         <object_component_ref idref="oc-6f8"/>
      </symbol>
      <symbol id="sm-918">
         <name>__mspabi_srll_12</name>
         <value>0x1421e</value>
         <object_component_ref idref="oc-6f8"/>
      </symbol>
      <symbol id="sm-919">
         <name>__mspabi_srll_11</name>
         <value>0x14222</value>
         <object_component_ref idref="oc-6f8"/>
      </symbol>
      <symbol id="sm-91a">
         <name>__mspabi_srll_10</name>
         <value>0x14226</value>
         <object_component_ref idref="oc-6f8"/>
      </symbol>
      <symbol id="sm-91b">
         <name>__mspabi_srll</name>
         <value>0x147f8</value>
         <object_component_ref idref="oc-710"/>
      </symbol>
      <symbol id="sm-924">
         <name>__mspabi_mpyi_f5hw</name>
         <value>0x1476c</value>
         <object_component_ref idref="oc-662"/>
      </symbol>
      <symbol id="sm-92e">
         <name>__mspabi_mpyl_f5hw</name>
         <value>0x14710</value>
         <object_component_ref idref="oc-6fd"/>
      </symbol>
      <symbol id="sm-936">
         <name>__mspabi_mpyull_f5hw</name>
         <value>0x14628</value>
         <object_component_ref idref="oc-6e7"/>
      </symbol>
      <symbol id="sm-93e">
         <name>__mspabi_mpyll_f5hw</name>
         <value>0x13c44</value>
         <object_component_ref idref="oc-6e2"/>
      </symbol>
      <symbol id="sm-94e">
         <name>_stack</name>
         <value>0x4360</value>
         <object_component_ref idref="oc-36b"/>
      </symbol>
      <symbol id="sm-94f">
         <name>_c_int00_noargs</name>
         <value>0x4400</value>
         <object_component_ref idref="oc-3d4"/>
      </symbol>
      <symbol id="sm-950">
         <name>_reset_vector</name>
         <value>0xfffe</value>
         <object_component_ref idref="oc-36e"/>
      </symbol>
      <symbol id="sm-973">
         <name>__TI_auto_init_nobinit_nopinit_hold_wdt</name>
         <value>0x13d54</value>
         <object_component_ref idref="oc-546"/>
      </symbol>
      <symbol id="sm-986">
         <name>__TI_zero_init_nomemset</name>
         <value>0x146c8</value>
         <object_component_ref idref="oc-3c2"/>
      </symbol>
      <symbol id="sm-99a">
         <name>__mspabi_srlll</name>
         <value>0x14300</value>
         <object_component_ref idref="oc-6ec"/>
      </symbol>
      <symbol id="sm-9a3">
         <name>_system_pre_init</name>
         <value>0x14840</value>
         <object_component_ref idref="oc-44b"/>
      </symbol>
      <symbol id="sm-9ac">
         <name>_system_post_cinit</name>
         <value>0x14844</value>
         <object_component_ref idref="oc-692"/>
      </symbol>
      <symbol id="sm-9bd">
         <name>__TI_decompress_none</name>
         <value>0x147d6</value>
         <object_component_ref idref="oc-73"/>
      </symbol>
      <symbol id="sm-9e0">
         <name>__TI_decompress_lzss</name>
         <value>0x139ca</value>
         <object_component_ref idref="oc-6d"/>
      </symbol>
      <symbol id="sm-9fa">
         <name>__mspabi_cvtdf</name>
         <value>0x13478</value>
         <object_component_ref idref="oc-4a0"/>
      </symbol>
      <symbol id="sm-a34">
         <name>__mspabi_addd</name>
         <value>0x10766</value>
         <object_component_ref idref="oc-593"/>
      </symbol>
      <symbol id="sm-a53">
         <name>__mspabi_cmpd</name>
         <value>0x13154</value>
         <object_component_ref idref="oc-5a5"/>
      </symbol>
      <symbol id="sm-a61">
         <name>__mspabi_cvtfd</name>
         <value>0x13b80</value>
         <object_component_ref idref="oc-48e"/>
      </symbol>
      <symbol id="sm-a82">
         <name>__mspabi_divd</name>
         <value>0x12254</value>
         <object_component_ref idref="oc-4a6"/>
      </symbol>
      <symbol id="sm-a8d">
         <name>__mspabi_fixdu</name>
         <value>0x147c4</value>
         <object_component_ref idref="oc-7bc"/>
      </symbol>
      <symbol id="sm-a9d">
         <name>__mspabi_fixdul</name>
         <value>0x13ab0</value>
         <object_component_ref idref="oc-81f"/>
      </symbol>
      <symbol id="sm-aa8">
         <name>__mspabi_fltud</name>
         <value>0x14834</value>
         <object_component_ref idref="oc-7b6"/>
      </symbol>
      <symbol id="sm-abd">
         <name>__mspabi_fltuld</name>
         <value>0x138d0</value>
         <object_component_ref idref="oc-818"/>
      </symbol>
      <symbol id="sm-ad8">
         <name>__TI_frcdivd</name>
         <value>0x11448</value>
         <object_component_ref idref="oc-5cb"/>
      </symbol>
      <symbol id="sm-afd">
         <name>__mspabi_mpyd</name>
         <value>0x11fc2</value>
         <object_component_ref idref="oc-49a"/>
      </symbol>
      <symbol id="sm-b06">
         <name>__mspabi_negd</name>
         <value>0x145cc</value>
         <object_component_ref idref="oc-599"/>
      </symbol>
      <symbol id="sm-b0f">
         <name>__mspabi_subd</name>
         <value>0x144b2</value>
         <object_component_ref idref="oc-59f"/>
      </symbol>
      <symbol id="sm-b19">
         <name>C$$EXIT</name>
         <value>0x1483a</value>
         <object_component_ref idref="oc-522"/>
      </symbol>
      <symbol id="sm-b1a">
         <name>abort</name>
         <value>0x1483a</value>
         <object_component_ref idref="oc-522"/>
      </symbol>
      <symbol id="sm-b2a">
         <name>memcpy</name>
         <value>0x147b0</value>
         <object_component_ref idref="oc-37a"/>
      </symbol>
      <symbol id="sm-b38">
         <name>memset</name>
         <value>0x14784</value>
         <object_component_ref idref="oc-7e2"/>
      </symbol>
      <symbol id="sm-b42">
         <name>abs</name>
         <value>0x14816</value>
         <object_component_ref idref="oc-65c"/>
      </symbol>
      <symbol id="sm-b4a">
         <name>__mspabi_sral_15</name>
         <value>0x14196</value>
         <object_component_ref idref="oc-585"/>
      </symbol>
      <symbol id="sm-b4b">
         <name>__mspabi_sral_14</name>
         <value>0x1419a</value>
         <object_component_ref idref="oc-585"/>
      </symbol>
      <symbol id="sm-b4c">
         <name>__mspabi_sral_13</name>
         <value>0x1419e</value>
         <object_component_ref idref="oc-585"/>
      </symbol>
      <symbol id="sm-b4d">
         <name>__mspabi_sral_12</name>
         <value>0x141a2</value>
         <object_component_ref idref="oc-585"/>
      </symbol>
      <symbol id="sm-b4e">
         <name>__mspabi_sral_11</name>
         <value>0x141a6</value>
         <object_component_ref idref="oc-585"/>
      </symbol>
      <symbol id="sm-b4f">
         <name>__mspabi_sral_10</name>
         <value>0x141aa</value>
         <object_component_ref idref="oc-585"/>
      </symbol>
      <symbol id="sm-b50">
         <name>__mspabi_sral_8</name>
         <value>0x141b2</value>
         <object_component_ref idref="oc-585"/>
      </symbol>
      <symbol id="sm-b51">
         <name>__mspabi_sral_9</name>
         <value>0x141ae</value>
         <object_component_ref idref="oc-585"/>
      </symbol>
      <symbol id="sm-b52">
         <name>__mspabi_sral_6</name>
         <value>0x141ba</value>
         <object_component_ref idref="oc-585"/>
      </symbol>
      <symbol id="sm-b53">
         <name>__mspabi_sral_7</name>
         <value>0x141b6</value>
         <object_component_ref idref="oc-585"/>
      </symbol>
      <symbol id="sm-b54">
         <name>__mspabi_sral_4</name>
         <value>0x141c2</value>
         <object_component_ref idref="oc-585"/>
      </symbol>
      <symbol id="sm-b55">
         <name>__mspabi_sral_5</name>
         <value>0x141be</value>
         <object_component_ref idref="oc-585"/>
      </symbol>
      <symbol id="sm-b56">
         <name>__mspabi_sral_2</name>
         <value>0x141ca</value>
         <object_component_ref idref="oc-585"/>
      </symbol>
      <symbol id="sm-b57">
         <name>__mspabi_sral_3</name>
         <value>0x141c6</value>
         <object_component_ref idref="oc-585"/>
      </symbol>
      <symbol id="sm-b58">
         <name>__mspabi_sral_1</name>
         <value>0x141ce</value>
         <object_component_ref idref="oc-585"/>
      </symbol>
      <symbol id="sm-b66">
         <name>__mspabi_srall</name>
         <value>0x14156</value>
         <object_component_ref idref="oc-6c8"/>
      </symbol>
      <symbol id="sm-b73">
         <name>__mspabi_sllll</name>
         <value>0x142c6</value>
         <object_component_ref idref="oc-6ce"/>
      </symbol>
      <symbol id="sm-b7e">
         <name>__TI_frcmpyd</name>
         <value>0x12cde</value>
         <object_component_ref idref="oc-5b7"/>
      </symbol>
   </symbol_table>
   <title>Link successful</title>
</link_info>
